c30c0202 /CDShare/REVERB_DATA/REVERB/REVERB_WSJCAM0_et/data/cln_test/primary_microphone/si_et_1/c30/c30c0202.wav
c30c0205 /CDShare/REVERB_DATA/REVERB/REVERB_WSJCAM0_et/data/cln_test/primary_microphone/si_et_1/c30/c30c0205.wav
c30c0208 /CDShare/REVERB_DATA/REVERB/REVERB_WSJCAM0_et/data/cln_test/primary_microphone/si_et_1/c30/c30c0208.wav
c30c020b /CDShare/REVERB_DATA/REVERB/REVERB_WSJCAM0_et/data/cln_test/primary_microphone/si_et_1/c30/c30c020b.wav
c30c020e /CDShare/REVERB_DATA/REVERB/REVERB_WSJCAM0_et/data/cln_test/primary_microphone/si_et_1/c30/c30c020e.wav
c30c020h /CDShare/REVERB_DATA/REVERB/REVERB_WSJCAM0_et/data/cln_test/primary_microphone/si_et_1/c30/c30c020h.wav
c30c020k /CDShare/REVERB_DATA/REVERB/REVERB_WSJCAM0_et/data/cln_test/primary_microphone/si_et_1/c30/c30c020k.wav
c30c020n /CDShare/REVERB_DATA/REVERB/REVERB_WSJCAM0_et/data/cln_test/primary_microphone/si_et_1/c30/c30c020n.wav
c30c020q /CDShare/REVERB_DATA/REVERB/REVERB_WSJCAM0_et/data/cln_test/primary_microphone/si_et_1/c30/c30c020q.wav
c30c020t /CDShare/REVERB_DATA/REVERB/REVERB_WSJCAM0_et/data/cln_test/primary_microphone/si_et_1/c30/c30c020t.wav
c30c020w /CDShare/REVERB_DATA/REVERB/REVERB_WSJCAM0_et/data/cln_test/primary_microphone/si_et_1/c30/c30c020w.wav
c30c020z /CDShare/REVERB_DATA/REVERB/REVERB_WSJCAM0_et/data/cln_test/primary_microphone/si_et_1/c30/c30c020z.wav
c30c0212 /CDShare/REVERB_DATA/REVERB/REVERB_WSJCAM0_et/data/cln_test/primary_microphone/si_et_1/c30/c30c0212.wav
c30c0215 /CDShare/REVERB_DATA/REVERB/REVERB_WSJCAM0_et/data/cln_test/primary_microphone/si_et_1/c30/c30c0215.wav
c32c0203 /CDShare/REVERB_DATA/REVERB/REVERB_WSJCAM0_et/data/cln_test/primary_microphone/si_et_1/c32/c32c0203.wav
c32c0206 /CDShare/REVERB_DATA/REVERB/REVERB_WSJCAM0_et/data/cln_test/primary_microphone/si_et_1/c32/c32c0206.wav
c32c0209 /CDShare/REVERB_DATA/REVERB/REVERB_WSJCAM0_et/data/cln_test/primary_microphone/si_et_1/c32/c32c0209.wav
c32c020c /CDShare/REVERB_DATA/REVERB/REVERB_WSJCAM0_et/data/cln_test/primary_microphone/si_et_1/c32/c32c020c.wav
c32c020f /CDShare/REVERB_DATA/REVERB/REVERB_WSJCAM0_et/data/cln_test/primary_microphone/si_et_1/c32/c32c020f.wav
c32c020i /CDShare/REVERB_DATA/REVERB/REVERB_WSJCAM0_et/data/cln_test/primary_microphone/si_et_1/c32/c32c020i.wav
c32c020l /CDShare/REVERB_DATA/REVERB/REVERB_WSJCAM0_et/data/cln_test/primary_microphone/si_et_1/c32/c32c020l.wav
c32c020o /CDShare/REVERB_DATA/REVERB/REVERB_WSJCAM0_et/data/cln_test/primary_microphone/si_et_1/c32/c32c020o.wav
c32c020r /CDShare/REVERB_DATA/REVERB/REVERB_WSJCAM0_et/data/cln_test/primary_microphone/si_et_1/c32/c32c020r.wav
c32c020u /CDShare/REVERB_DATA/REVERB/REVERB_WSJCAM0_et/data/cln_test/primary_microphone/si_et_1/c32/c32c020u.wav
c32c020x /CDShare/REVERB_DATA/REVERB/REVERB_WSJCAM0_et/data/cln_test/primary_microphone/si_et_1/c32/c32c020x.wav
c32c0210 /CDShare/REVERB_DATA/REVERB/REVERB_WSJCAM0_et/data/cln_test/primary_microphone/si_et_1/c32/c32c0210.wav
c32c0213 /CDShare/REVERB_DATA/REVERB/REVERB_WSJCAM0_et/data/cln_test/primary_microphone/si_et_1/c32/c32c0213.wav
c33c0201 /CDShare/REVERB_DATA/REVERB/REVERB_WSJCAM0_et/data/cln_test/primary_microphone/si_et_1/c33/c33c0201.wav
c33c0204 /CDShare/REVERB_DATA/REVERB/REVERB_WSJCAM0_et/data/cln_test/primary_microphone/si_et_1/c33/c33c0204.wav
c33c0207 /CDShare/REVERB_DATA/REVERB/REVERB_WSJCAM0_et/data/cln_test/primary_microphone/si_et_1/c33/c33c0207.wav
c33c020a /CDShare/REVERB_DATA/REVERB/REVERB_WSJCAM0_et/data/cln_test/primary_microphone/si_et_1/c33/c33c020a.wav
c33c020d /CDShare/REVERB_DATA/REVERB/REVERB_WSJCAM0_et/data/cln_test/primary_microphone/si_et_1/c33/c33c020d.wav
c33c020g /CDShare/REVERB_DATA/REVERB/REVERB_WSJCAM0_et/data/cln_test/primary_microphone/si_et_1/c33/c33c020g.wav
c33c020j /CDShare/REVERB_DATA/REVERB/REVERB_WSJCAM0_et/data/cln_test/primary_microphone/si_et_1/c33/c33c020j.wav
c33c020m /CDShare/REVERB_DATA/REVERB/REVERB_WSJCAM0_et/data/cln_test/primary_microphone/si_et_1/c33/c33c020m.wav
c33c020p /CDShare/REVERB_DATA/REVERB/REVERB_WSJCAM0_et/data/cln_test/primary_microphone/si_et_1/c33/c33c020p.wav
c33c020s /CDShare/REVERB_DATA/REVERB/REVERB_WSJCAM0_et/data/cln_test/primary_microphone/si_et_1/c33/c33c020s.wav
c33c020v /CDShare/REVERB_DATA/REVERB/REVERB_WSJCAM0_et/data/cln_test/primary_microphone/si_et_1/c33/c33c020v.wav
c33c020y /CDShare/REVERB_DATA/REVERB/REVERB_WSJCAM0_et/data/cln_test/primary_microphone/si_et_1/c33/c33c020y.wav
c33c0211 /CDShare/REVERB_DATA/REVERB/REVERB_WSJCAM0_et/data/cln_test/primary_microphone/si_et_1/c33/c33c0211.wav
c36c0201 /CDShare/REVERB_DATA/REVERB/REVERB_WSJCAM0_et/data/cln_test/secondary_microphone/si_et_2/c36/c36c0201.wav
c36c0204 /CDShare/REVERB_DATA/REVERB/REVERB_WSJCAM0_et/data/cln_test/secondary_microphone/si_et_2/c36/c36c0204.wav
c36c0207 /CDShare/REVERB_DATA/REVERB/REVERB_WSJCAM0_et/data/cln_test/secondary_microphone/si_et_2/c36/c36c0207.wav
c36c020a /CDShare/REVERB_DATA/REVERB/REVERB_WSJCAM0_et/data/cln_test/secondary_microphone/si_et_2/c36/c36c020a.wav
c36c020d /CDShare/REVERB_DATA/REVERB/REVERB_WSJCAM0_et/data/cln_test/secondary_microphone/si_et_2/c36/c36c020d.wav
c36c020g /CDShare/REVERB_DATA/REVERB/REVERB_WSJCAM0_et/data/cln_test/secondary_microphone/si_et_2/c36/c36c020g.wav
c36c020j /CDShare/REVERB_DATA/REVERB/REVERB_WSJCAM0_et/data/cln_test/secondary_microphone/si_et_2/c36/c36c020j.wav
c36c020m /CDShare/REVERB_DATA/REVERB/REVERB_WSJCAM0_et/data/cln_test/secondary_microphone/si_et_2/c36/c36c020m.wav
c36c020p /CDShare/REVERB_DATA/REVERB/REVERB_WSJCAM0_et/data/cln_test/secondary_microphone/si_et_2/c36/c36c020p.wav
c36c020s /CDShare/REVERB_DATA/REVERB/REVERB_WSJCAM0_et/data/cln_test/secondary_microphone/si_et_2/c36/c36c020s.wav
c36c020v /CDShare/REVERB_DATA/REVERB/REVERB_WSJCAM0_et/data/cln_test/secondary_microphone/si_et_2/c36/c36c020v.wav
c36c020y /CDShare/REVERB_DATA/REVERB/REVERB_WSJCAM0_et/data/cln_test/secondary_microphone/si_et_2/c36/c36c020y.wav
c36c0211 /CDShare/REVERB_DATA/REVERB/REVERB_WSJCAM0_et/data/cln_test/secondary_microphone/si_et_2/c36/c36c0211.wav
c37c0201 /CDShare/REVERB_DATA/REVERB/REVERB_WSJCAM0_et/data/cln_test/primary_microphone/si_et_1/c37/c37c0201.wav
c37c0204 /CDShare/REVERB_DATA/REVERB/REVERB_WSJCAM0_et/data/cln_test/primary_microphone/si_et_1/c37/c37c0204.wav
c37c0207 /CDShare/REVERB_DATA/REVERB/REVERB_WSJCAM0_et/data/cln_test/primary_microphone/si_et_1/c37/c37c0207.wav
c37c020a /CDShare/REVERB_DATA/REVERB/REVERB_WSJCAM0_et/data/cln_test/primary_microphone/si_et_1/c37/c37c020a.wav
c37c020d /CDShare/REVERB_DATA/REVERB/REVERB_WSJCAM0_et/data/cln_test/primary_microphone/si_et_1/c37/c37c020d.wav
c37c020g /CDShare/REVERB_DATA/REVERB/REVERB_WSJCAM0_et/data/cln_test/primary_microphone/si_et_1/c37/c37c020g.wav
c37c020j /CDShare/REVERB_DATA/REVERB/REVERB_WSJCAM0_et/data/cln_test/primary_microphone/si_et_1/c37/c37c020j.wav
c37c020m /CDShare/REVERB_DATA/REVERB/REVERB_WSJCAM0_et/data/cln_test/primary_microphone/si_et_1/c37/c37c020m.wav
c37c020p /CDShare/REVERB_DATA/REVERB/REVERB_WSJCAM0_et/data/cln_test/primary_microphone/si_et_1/c37/c37c020p.wav
c37c020s /CDShare/REVERB_DATA/REVERB/REVERB_WSJCAM0_et/data/cln_test/primary_microphone/si_et_1/c37/c37c020s.wav
c37c020v /CDShare/REVERB_DATA/REVERB/REVERB_WSJCAM0_et/data/cln_test/primary_microphone/si_et_1/c37/c37c020v.wav
c37c020y /CDShare/REVERB_DATA/REVERB/REVERB_WSJCAM0_et/data/cln_test/primary_microphone/si_et_1/c37/c37c020y.wav
c37c0211 /CDShare/REVERB_DATA/REVERB/REVERB_WSJCAM0_et/data/cln_test/primary_microphone/si_et_1/c37/c37c0211.wav
c39c0201 /CDShare/REVERB_DATA/REVERB/REVERB_WSJCAM0_et/data/cln_test/primary_microphone/si_et_1/c39/c39c0201.wav
c39c0204 /CDShare/REVERB_DATA/REVERB/REVERB_WSJCAM0_et/data/cln_test/primary_microphone/si_et_1/c39/c39c0204.wav
c39c0207 /CDShare/REVERB_DATA/REVERB/REVERB_WSJCAM0_et/data/cln_test/primary_microphone/si_et_1/c39/c39c0207.wav
c39c020a /CDShare/REVERB_DATA/REVERB/REVERB_WSJCAM0_et/data/cln_test/primary_microphone/si_et_1/c39/c39c020a.wav
c39c020d /CDShare/REVERB_DATA/REVERB/REVERB_WSJCAM0_et/data/cln_test/primary_microphone/si_et_1/c39/c39c020d.wav
c39c020g /CDShare/REVERB_DATA/REVERB/REVERB_WSJCAM0_et/data/cln_test/primary_microphone/si_et_1/c39/c39c020g.wav
c39c020j /CDShare/REVERB_DATA/REVERB/REVERB_WSJCAM0_et/data/cln_test/primary_microphone/si_et_1/c39/c39c020j.wav
c39c020m /CDShare/REVERB_DATA/REVERB/REVERB_WSJCAM0_et/data/cln_test/primary_microphone/si_et_1/c39/c39c020m.wav
c39c020p /CDShare/REVERB_DATA/REVERB/REVERB_WSJCAM0_et/data/cln_test/primary_microphone/si_et_1/c39/c39c020p.wav
c39c020s /CDShare/REVERB_DATA/REVERB/REVERB_WSJCAM0_et/data/cln_test/primary_microphone/si_et_1/c39/c39c020s.wav
c39c020v /CDShare/REVERB_DATA/REVERB/REVERB_WSJCAM0_et/data/cln_test/primary_microphone/si_et_1/c39/c39c020v.wav
c39c020y /CDShare/REVERB_DATA/REVERB/REVERB_WSJCAM0_et/data/cln_test/primary_microphone/si_et_1/c39/c39c020y.wav
c39c0211 /CDShare/REVERB_DATA/REVERB/REVERB_WSJCAM0_et/data/cln_test/primary_microphone/si_et_1/c39/c39c0211.wav
c3ac0201 /CDShare/REVERB_DATA/REVERB/REVERB_WSJCAM0_et/data/cln_test/secondary_microphone/si_et_2/c3a/c3ac0201.wav
c3ac0204 /CDShare/REVERB_DATA/REVERB/REVERB_WSJCAM0_et/data/cln_test/secondary_microphone/si_et_2/c3a/c3ac0204.wav
c3ac0207 /CDShare/REVERB_DATA/REVERB/REVERB_WSJCAM0_et/data/cln_test/secondary_microphone/si_et_2/c3a/c3ac0207.wav
c3ac020a /CDShare/REVERB_DATA/REVERB/REVERB_WSJCAM0_et/data/cln_test/secondary_microphone/si_et_2/c3a/c3ac020a.wav
c3ac020d /CDShare/REVERB_DATA/REVERB/REVERB_WSJCAM0_et/data/cln_test/secondary_microphone/si_et_2/c3a/c3ac020d.wav
c3ac020g /CDShare/REVERB_DATA/REVERB/REVERB_WSJCAM0_et/data/cln_test/secondary_microphone/si_et_2/c3a/c3ac020g.wav
c3ac020j /CDShare/REVERB_DATA/REVERB/REVERB_WSJCAM0_et/data/cln_test/secondary_microphone/si_et_2/c3a/c3ac020j.wav
c3ac020m /CDShare/REVERB_DATA/REVERB/REVERB_WSJCAM0_et/data/cln_test/secondary_microphone/si_et_2/c3a/c3ac020m.wav
c3ac020p /CDShare/REVERB_DATA/REVERB/REVERB_WSJCAM0_et/data/cln_test/secondary_microphone/si_et_2/c3a/c3ac020p.wav
c3ac020s /CDShare/REVERB_DATA/REVERB/REVERB_WSJCAM0_et/data/cln_test/secondary_microphone/si_et_2/c3a/c3ac020s.wav
c3ac020v /CDShare/REVERB_DATA/REVERB/REVERB_WSJCAM0_et/data/cln_test/secondary_microphone/si_et_2/c3a/c3ac020v.wav
c3ac020y /CDShare/REVERB_DATA/REVERB/REVERB_WSJCAM0_et/data/cln_test/secondary_microphone/si_et_2/c3a/c3ac020y.wav
c3ac0211 /CDShare/REVERB_DATA/REVERB/REVERB_WSJCAM0_et/data/cln_test/secondary_microphone/si_et_2/c3a/c3ac0211.wav
c3ac0214 /CDShare/REVERB_DATA/REVERB/REVERB_WSJCAM0_et/data/cln_test/secondary_microphone/si_et_2/c3a/c3ac0214.wav
c3bc0202 /CDShare/REVERB_DATA/REVERB/REVERB_WSJCAM0_et/data/cln_test/primary_microphone/si_et_1/c3b/c3bc0202.wav
c3bc0205 /CDShare/REVERB_DATA/REVERB/REVERB_WSJCAM0_et/data/cln_test/primary_microphone/si_et_1/c3b/c3bc0205.wav
c3bc0208 /CDShare/REVERB_DATA/REVERB/REVERB_WSJCAM0_et/data/cln_test/primary_microphone/si_et_1/c3b/c3bc0208.wav
c3bc020b /CDShare/REVERB_DATA/REVERB/REVERB_WSJCAM0_et/data/cln_test/primary_microphone/si_et_1/c3b/c3bc020b.wav
c3bc020e /CDShare/REVERB_DATA/REVERB/REVERB_WSJCAM0_et/data/cln_test/primary_microphone/si_et_1/c3b/c3bc020e.wav
c3bc020h /CDShare/REVERB_DATA/REVERB/REVERB_WSJCAM0_et/data/cln_test/primary_microphone/si_et_1/c3b/c3bc020h.wav
c3bc020k /CDShare/REVERB_DATA/REVERB/REVERB_WSJCAM0_et/data/cln_test/primary_microphone/si_et_1/c3b/c3bc020k.wav
c3bc020n /CDShare/REVERB_DATA/REVERB/REVERB_WSJCAM0_et/data/cln_test/primary_microphone/si_et_1/c3b/c3bc020n.wav
c3bc020q /CDShare/REVERB_DATA/REVERB/REVERB_WSJCAM0_et/data/cln_test/primary_microphone/si_et_1/c3b/c3bc020q.wav
c3bc020t /CDShare/REVERB_DATA/REVERB/REVERB_WSJCAM0_et/data/cln_test/primary_microphone/si_et_1/c3b/c3bc020t.wav
c3bc020w /CDShare/REVERB_DATA/REVERB/REVERB_WSJCAM0_et/data/cln_test/primary_microphone/si_et_1/c3b/c3bc020w.wav
c3bc020z /CDShare/REVERB_DATA/REVERB/REVERB_WSJCAM0_et/data/cln_test/primary_microphone/si_et_1/c3b/c3bc020z.wav
c3bc0212 /CDShare/REVERB_DATA/REVERB/REVERB_WSJCAM0_et/data/cln_test/primary_microphone/si_et_1/c3b/c3bc0212.wav
c3ec0203 /CDShare/REVERB_DATA/REVERB/REVERB_WSJCAM0_et/data/cln_test/secondary_microphone/si_et_2/c3e/c3ec0203.wav
c3ec0206 /CDShare/REVERB_DATA/REVERB/REVERB_WSJCAM0_et/data/cln_test/secondary_microphone/si_et_2/c3e/c3ec0206.wav
c3ec0209 /CDShare/REVERB_DATA/REVERB/REVERB_WSJCAM0_et/data/cln_test/secondary_microphone/si_et_2/c3e/c3ec0209.wav
c3ec020c /CDShare/REVERB_DATA/REVERB/REVERB_WSJCAM0_et/data/cln_test/secondary_microphone/si_et_2/c3e/c3ec020c.wav
c3ec020f /CDShare/REVERB_DATA/REVERB/REVERB_WSJCAM0_et/data/cln_test/secondary_microphone/si_et_2/c3e/c3ec020f.wav
c3ec020i /CDShare/REVERB_DATA/REVERB/REVERB_WSJCAM0_et/data/cln_test/secondary_microphone/si_et_2/c3e/c3ec020i.wav
c3ec020l /CDShare/REVERB_DATA/REVERB/REVERB_WSJCAM0_et/data/cln_test/secondary_microphone/si_et_2/c3e/c3ec020l.wav
c3ec020o /CDShare/REVERB_DATA/REVERB/REVERB_WSJCAM0_et/data/cln_test/secondary_microphone/si_et_2/c3e/c3ec020o.wav
c3ec020r /CDShare/REVERB_DATA/REVERB/REVERB_WSJCAM0_et/data/cln_test/secondary_microphone/si_et_2/c3e/c3ec020r.wav
c3ec020u /CDShare/REVERB_DATA/REVERB/REVERB_WSJCAM0_et/data/cln_test/secondary_microphone/si_et_2/c3e/c3ec020u.wav
c3ec020x /CDShare/REVERB_DATA/REVERB/REVERB_WSJCAM0_et/data/cln_test/secondary_microphone/si_et_2/c3e/c3ec020x.wav
c3ec0211 /CDShare/REVERB_DATA/REVERB/REVERB_WSJCAM0_et/data/cln_test/secondary_microphone/si_et_2/c3e/c3ec0211.wav
c3gc0202 /CDShare/REVERB_DATA/REVERB/REVERB_WSJCAM0_et/data/cln_test/secondary_microphone/si_et_2/c3g/c3gc0202.wav
c3gc0205 /CDShare/REVERB_DATA/REVERB/REVERB_WSJCAM0_et/data/cln_test/secondary_microphone/si_et_2/c3g/c3gc0205.wav
c3gc0208 /CDShare/REVERB_DATA/REVERB/REVERB_WSJCAM0_et/data/cln_test/secondary_microphone/si_et_2/c3g/c3gc0208.wav
c3gc020b /CDShare/REVERB_DATA/REVERB/REVERB_WSJCAM0_et/data/cln_test/secondary_microphone/si_et_2/c3g/c3gc020b.wav
c3gc020e /CDShare/REVERB_DATA/REVERB/REVERB_WSJCAM0_et/data/cln_test/secondary_microphone/si_et_2/c3g/c3gc020e.wav
c3gc020h /CDShare/REVERB_DATA/REVERB/REVERB_WSJCAM0_et/data/cln_test/secondary_microphone/si_et_2/c3g/c3gc020h.wav
c3gc020k /CDShare/REVERB_DATA/REVERB/REVERB_WSJCAM0_et/data/cln_test/secondary_microphone/si_et_2/c3g/c3gc020k.wav
c3gc020n /CDShare/REVERB_DATA/REVERB/REVERB_WSJCAM0_et/data/cln_test/secondary_microphone/si_et_2/c3g/c3gc020n.wav
c3gc020q /CDShare/REVERB_DATA/REVERB/REVERB_WSJCAM0_et/data/cln_test/secondary_microphone/si_et_2/c3g/c3gc020q.wav
c3gc020t /CDShare/REVERB_DATA/REVERB/REVERB_WSJCAM0_et/data/cln_test/secondary_microphone/si_et_2/c3g/c3gc020t.wav
c3gc020w /CDShare/REVERB_DATA/REVERB/REVERB_WSJCAM0_et/data/cln_test/secondary_microphone/si_et_2/c3g/c3gc020w.wav
c3gc020z /CDShare/REVERB_DATA/REVERB/REVERB_WSJCAM0_et/data/cln_test/secondary_microphone/si_et_2/c3g/c3gc020z.wav
c3gc0212 /CDShare/REVERB_DATA/REVERB/REVERB_WSJCAM0_et/data/cln_test/secondary_microphone/si_et_2/c3g/c3gc0212.wav
c3hc0203 /CDShare/REVERB_DATA/REVERB/REVERB_WSJCAM0_et/data/cln_test/primary_microphone/si_et_1/c3h/c3hc0203.wav
c3hc0206 /CDShare/REVERB_DATA/REVERB/REVERB_WSJCAM0_et/data/cln_test/primary_microphone/si_et_1/c3h/c3hc0206.wav
c3hc0209 /CDShare/REVERB_DATA/REVERB/REVERB_WSJCAM0_et/data/cln_test/primary_microphone/si_et_1/c3h/c3hc0209.wav
c3hc020c /CDShare/REVERB_DATA/REVERB/REVERB_WSJCAM0_et/data/cln_test/primary_microphone/si_et_1/c3h/c3hc020c.wav
c3hc020f /CDShare/REVERB_DATA/REVERB/REVERB_WSJCAM0_et/data/cln_test/primary_microphone/si_et_1/c3h/c3hc020f.wav
c3hc020i /CDShare/REVERB_DATA/REVERB/REVERB_WSJCAM0_et/data/cln_test/primary_microphone/si_et_1/c3h/c3hc020i.wav
c3hc020l /CDShare/REVERB_DATA/REVERB/REVERB_WSJCAM0_et/data/cln_test/primary_microphone/si_et_1/c3h/c3hc020l.wav
c3hc020o /CDShare/REVERB_DATA/REVERB/REVERB_WSJCAM0_et/data/cln_test/primary_microphone/si_et_1/c3h/c3hc020o.wav
c3hc020r /CDShare/REVERB_DATA/REVERB/REVERB_WSJCAM0_et/data/cln_test/primary_microphone/si_et_1/c3h/c3hc020r.wav
c3hc020u /CDShare/REVERB_DATA/REVERB/REVERB_WSJCAM0_et/data/cln_test/primary_microphone/si_et_1/c3h/c3hc020u.wav
c3hc020x /CDShare/REVERB_DATA/REVERB/REVERB_WSJCAM0_et/data/cln_test/primary_microphone/si_et_1/c3h/c3hc020x.wav
c3hc0210 /CDShare/REVERB_DATA/REVERB/REVERB_WSJCAM0_et/data/cln_test/primary_microphone/si_et_1/c3h/c3hc0210.wav
c3ic0201 /CDShare/REVERB_DATA/REVERB/REVERB_WSJCAM0_et/data/cln_test/secondary_microphone/si_et_2/c3i/c3ic0201.wav
c3ic0204 /CDShare/REVERB_DATA/REVERB/REVERB_WSJCAM0_et/data/cln_test/secondary_microphone/si_et_2/c3i/c3ic0204.wav
c3ic0207 /CDShare/REVERB_DATA/REVERB/REVERB_WSJCAM0_et/data/cln_test/secondary_microphone/si_et_2/c3i/c3ic0207.wav
c3ic020a /CDShare/REVERB_DATA/REVERB/REVERB_WSJCAM0_et/data/cln_test/secondary_microphone/si_et_2/c3i/c3ic020a.wav
c3ic020d /CDShare/REVERB_DATA/REVERB/REVERB_WSJCAM0_et/data/cln_test/secondary_microphone/si_et_2/c3i/c3ic020d.wav
c3ic020g /CDShare/REVERB_DATA/REVERB/REVERB_WSJCAM0_et/data/cln_test/secondary_microphone/si_et_2/c3i/c3ic020g.wav
c3ic020j /CDShare/REVERB_DATA/REVERB/REVERB_WSJCAM0_et/data/cln_test/secondary_microphone/si_et_2/c3i/c3ic020j.wav
c3ic020m /CDShare/REVERB_DATA/REVERB/REVERB_WSJCAM0_et/data/cln_test/secondary_microphone/si_et_2/c3i/c3ic020m.wav
c3ic020p /CDShare/REVERB_DATA/REVERB/REVERB_WSJCAM0_et/data/cln_test/secondary_microphone/si_et_2/c3i/c3ic020p.wav
c3ic020s /CDShare/REVERB_DATA/REVERB/REVERB_WSJCAM0_et/data/cln_test/secondary_microphone/si_et_2/c3i/c3ic020s.wav
c3ic020v /CDShare/REVERB_DATA/REVERB/REVERB_WSJCAM0_et/data/cln_test/secondary_microphone/si_et_2/c3i/c3ic020v.wav
c3ic020y /CDShare/REVERB_DATA/REVERB/REVERB_WSJCAM0_et/data/cln_test/secondary_microphone/si_et_2/c3i/c3ic020y.wav
c3ic0211 /CDShare/REVERB_DATA/REVERB/REVERB_WSJCAM0_et/data/cln_test/secondary_microphone/si_et_2/c3i/c3ic0211.wav
c3mc0201 /CDShare/REVERB_DATA/REVERB/REVERB_WSJCAM0_et/data/cln_test/secondary_microphone/si_et_2/c3m/c3mc0201.wav
c3mc0204 /CDShare/REVERB_DATA/REVERB/REVERB_WSJCAM0_et/data/cln_test/secondary_microphone/si_et_2/c3m/c3mc0204.wav
c3mc0207 /CDShare/REVERB_DATA/REVERB/REVERB_WSJCAM0_et/data/cln_test/secondary_microphone/si_et_2/c3m/c3mc0207.wav
c3mc020a /CDShare/REVERB_DATA/REVERB/REVERB_WSJCAM0_et/data/cln_test/secondary_microphone/si_et_2/c3m/c3mc020a.wav
c3mc020d /CDShare/REVERB_DATA/REVERB/REVERB_WSJCAM0_et/data/cln_test/secondary_microphone/si_et_2/c3m/c3mc020d.wav
c3mc020g /CDShare/REVERB_DATA/REVERB/REVERB_WSJCAM0_et/data/cln_test/secondary_microphone/si_et_2/c3m/c3mc020g.wav
c3mc020j /CDShare/REVERB_DATA/REVERB/REVERB_WSJCAM0_et/data/cln_test/secondary_microphone/si_et_2/c3m/c3mc020j.wav
c3mc020m /CDShare/REVERB_DATA/REVERB/REVERB_WSJCAM0_et/data/cln_test/secondary_microphone/si_et_2/c3m/c3mc020m.wav
c3mc020p /CDShare/REVERB_DATA/REVERB/REVERB_WSJCAM0_et/data/cln_test/secondary_microphone/si_et_2/c3m/c3mc020p.wav
c3mc020s /CDShare/REVERB_DATA/REVERB/REVERB_WSJCAM0_et/data/cln_test/secondary_microphone/si_et_2/c3m/c3mc020s.wav
c3mc020v /CDShare/REVERB_DATA/REVERB/REVERB_WSJCAM0_et/data/cln_test/secondary_microphone/si_et_2/c3m/c3mc020v.wav
c3mc020y /CDShare/REVERB_DATA/REVERB/REVERB_WSJCAM0_et/data/cln_test/secondary_microphone/si_et_2/c3m/c3mc020y.wav
c3mc0211 /CDShare/REVERB_DATA/REVERB/REVERB_WSJCAM0_et/data/cln_test/secondary_microphone/si_et_2/c3m/c3mc0211.wav
c3mc0214 /CDShare/REVERB_DATA/REVERB/REVERB_WSJCAM0_et/data/cln_test/secondary_microphone/si_et_2/c3m/c3mc0214.wav
c3nc0203 /CDShare/REVERB_DATA/REVERB/REVERB_WSJCAM0_et/data/cln_test/secondary_microphone/si_et_2/c3n/c3nc0203.wav
c3nc0206 /CDShare/REVERB_DATA/REVERB/REVERB_WSJCAM0_et/data/cln_test/secondary_microphone/si_et_2/c3n/c3nc0206.wav
c3nc0209 /CDShare/REVERB_DATA/REVERB/REVERB_WSJCAM0_et/data/cln_test/secondary_microphone/si_et_2/c3n/c3nc0209.wav
c3nc020c /CDShare/REVERB_DATA/REVERB/REVERB_WSJCAM0_et/data/cln_test/secondary_microphone/si_et_2/c3n/c3nc020c.wav
c3nc020f /CDShare/REVERB_DATA/REVERB/REVERB_WSJCAM0_et/data/cln_test/secondary_microphone/si_et_2/c3n/c3nc020f.wav
c3nc020i /CDShare/REVERB_DATA/REVERB/REVERB_WSJCAM0_et/data/cln_test/secondary_microphone/si_et_2/c3n/c3nc020i.wav
c3nc020l /CDShare/REVERB_DATA/REVERB/REVERB_WSJCAM0_et/data/cln_test/secondary_microphone/si_et_2/c3n/c3nc020l.wav
c3nc020o /CDShare/REVERB_DATA/REVERB/REVERB_WSJCAM0_et/data/cln_test/secondary_microphone/si_et_2/c3n/c3nc020o.wav
c3nc020r /CDShare/REVERB_DATA/REVERB/REVERB_WSJCAM0_et/data/cln_test/secondary_microphone/si_et_2/c3n/c3nc020r.wav
c3nc020u /CDShare/REVERB_DATA/REVERB/REVERB_WSJCAM0_et/data/cln_test/secondary_microphone/si_et_2/c3n/c3nc020u.wav
c3nc020x /CDShare/REVERB_DATA/REVERB/REVERB_WSJCAM0_et/data/cln_test/secondary_microphone/si_et_2/c3n/c3nc020x.wav
c3nc0210 /CDShare/REVERB_DATA/REVERB/REVERB_WSJCAM0_et/data/cln_test/secondary_microphone/si_et_2/c3n/c3nc0210.wav
c3nc0213 /CDShare/REVERB_DATA/REVERB/REVERB_WSJCAM0_et/data/cln_test/secondary_microphone/si_et_2/c3n/c3nc0213.wav
c3oc0202 /CDShare/REVERB_DATA/REVERB/REVERB_WSJCAM0_et/data/cln_test/primary_microphone/si_et_1/c3o/c3oc0202.wav
c3oc0205 /CDShare/REVERB_DATA/REVERB/REVERB_WSJCAM0_et/data/cln_test/primary_microphone/si_et_1/c3o/c3oc0205.wav
c3oc0208 /CDShare/REVERB_DATA/REVERB/REVERB_WSJCAM0_et/data/cln_test/primary_microphone/si_et_1/c3o/c3oc0208.wav
c3oc020b /CDShare/REVERB_DATA/REVERB/REVERB_WSJCAM0_et/data/cln_test/primary_microphone/si_et_1/c3o/c3oc020b.wav
c3oc020e /CDShare/REVERB_DATA/REVERB/REVERB_WSJCAM0_et/data/cln_test/primary_microphone/si_et_1/c3o/c3oc020e.wav
c3oc020h /CDShare/REVERB_DATA/REVERB/REVERB_WSJCAM0_et/data/cln_test/primary_microphone/si_et_1/c3o/c3oc020h.wav
c3oc020k /CDShare/REVERB_DATA/REVERB/REVERB_WSJCAM0_et/data/cln_test/primary_microphone/si_et_1/c3o/c3oc020k.wav
c3oc020n /CDShare/REVERB_DATA/REVERB/REVERB_WSJCAM0_et/data/cln_test/primary_microphone/si_et_1/c3o/c3oc020n.wav
c3oc020q /CDShare/REVERB_DATA/REVERB/REVERB_WSJCAM0_et/data/cln_test/primary_microphone/si_et_1/c3o/c3oc020q.wav
c3oc020t /CDShare/REVERB_DATA/REVERB/REVERB_WSJCAM0_et/data/cln_test/primary_microphone/si_et_1/c3o/c3oc020t.wav
c3oc020w /CDShare/REVERB_DATA/REVERB/REVERB_WSJCAM0_et/data/cln_test/primary_microphone/si_et_1/c3o/c3oc020w.wav
c3oc020z /CDShare/REVERB_DATA/REVERB/REVERB_WSJCAM0_et/data/cln_test/primary_microphone/si_et_1/c3o/c3oc020z.wav
c3qc0201 /CDShare/REVERB_DATA/REVERB/REVERB_WSJCAM0_et/data/cln_test/primary_microphone/si_et_1/c3q/c3qc0201.wav
c3qc0204 /CDShare/REVERB_DATA/REVERB/REVERB_WSJCAM0_et/data/cln_test/primary_microphone/si_et_1/c3q/c3qc0204.wav
c3qc0207 /CDShare/REVERB_DATA/REVERB/REVERB_WSJCAM0_et/data/cln_test/primary_microphone/si_et_1/c3q/c3qc0207.wav
c3qc020a /CDShare/REVERB_DATA/REVERB/REVERB_WSJCAM0_et/data/cln_test/primary_microphone/si_et_1/c3q/c3qc020a.wav
c3qc020d /CDShare/REVERB_DATA/REVERB/REVERB_WSJCAM0_et/data/cln_test/primary_microphone/si_et_1/c3q/c3qc020d.wav
c3qc020g /CDShare/REVERB_DATA/REVERB/REVERB_WSJCAM0_et/data/cln_test/primary_microphone/si_et_1/c3q/c3qc020g.wav
c3qc020j /CDShare/REVERB_DATA/REVERB/REVERB_WSJCAM0_et/data/cln_test/primary_microphone/si_et_1/c3q/c3qc020j.wav
c3qc020m /CDShare/REVERB_DATA/REVERB/REVERB_WSJCAM0_et/data/cln_test/primary_microphone/si_et_1/c3q/c3qc020m.wav
c3qc020p /CDShare/REVERB_DATA/REVERB/REVERB_WSJCAM0_et/data/cln_test/primary_microphone/si_et_1/c3q/c3qc020p.wav
c3qc020s /CDShare/REVERB_DATA/REVERB/REVERB_WSJCAM0_et/data/cln_test/primary_microphone/si_et_1/c3q/c3qc020s.wav
c3qc020v /CDShare/REVERB_DATA/REVERB/REVERB_WSJCAM0_et/data/cln_test/primary_microphone/si_et_1/c3q/c3qc020v.wav
c3qc020y /CDShare/REVERB_DATA/REVERB/REVERB_WSJCAM0_et/data/cln_test/primary_microphone/si_et_1/c3q/c3qc020y.wav
c3qc0211 /CDShare/REVERB_DATA/REVERB/REVERB_WSJCAM0_et/data/cln_test/primary_microphone/si_et_1/c3q/c3qc0211.wav
c3rc0202 /CDShare/REVERB_DATA/REVERB/REVERB_WSJCAM0_et/data/cln_test/primary_microphone/si_et_1/c3r/c3rc0202.wav
c3rc0205 /CDShare/REVERB_DATA/REVERB/REVERB_WSJCAM0_et/data/cln_test/primary_microphone/si_et_1/c3r/c3rc0205.wav
c3rc0208 /CDShare/REVERB_DATA/REVERB/REVERB_WSJCAM0_et/data/cln_test/primary_microphone/si_et_1/c3r/c3rc0208.wav
c3rc020b /CDShare/REVERB_DATA/REVERB/REVERB_WSJCAM0_et/data/cln_test/primary_microphone/si_et_1/c3r/c3rc020b.wav
c3rc020e /CDShare/REVERB_DATA/REVERB/REVERB_WSJCAM0_et/data/cln_test/primary_microphone/si_et_1/c3r/c3rc020e.wav
c3rc020h /CDShare/REVERB_DATA/REVERB/REVERB_WSJCAM0_et/data/cln_test/primary_microphone/si_et_1/c3r/c3rc020h.wav
c3rc020k /CDShare/REVERB_DATA/REVERB/REVERB_WSJCAM0_et/data/cln_test/primary_microphone/si_et_1/c3r/c3rc020k.wav
c3rc020n /CDShare/REVERB_DATA/REVERB/REVERB_WSJCAM0_et/data/cln_test/primary_microphone/si_et_1/c3r/c3rc020n.wav
c3rc020q /CDShare/REVERB_DATA/REVERB/REVERB_WSJCAM0_et/data/cln_test/primary_microphone/si_et_1/c3r/c3rc020q.wav
c3rc020t /CDShare/REVERB_DATA/REVERB/REVERB_WSJCAM0_et/data/cln_test/primary_microphone/si_et_1/c3r/c3rc020t.wav
c3rc020w /CDShare/REVERB_DATA/REVERB/REVERB_WSJCAM0_et/data/cln_test/primary_microphone/si_et_1/c3r/c3rc020w.wav
c3uc0203 /CDShare/REVERB_DATA/REVERB/REVERB_WSJCAM0_et/data/cln_test/secondary_microphone/si_et_2/c3u/c3uc0203.wav
c3uc0206 /CDShare/REVERB_DATA/REVERB/REVERB_WSJCAM0_et/data/cln_test/secondary_microphone/si_et_2/c3u/c3uc0206.wav
c3uc0209 /CDShare/REVERB_DATA/REVERB/REVERB_WSJCAM0_et/data/cln_test/secondary_microphone/si_et_2/c3u/c3uc0209.wav
c3uc020c /CDShare/REVERB_DATA/REVERB/REVERB_WSJCAM0_et/data/cln_test/secondary_microphone/si_et_2/c3u/c3uc020c.wav
c3uc020f /CDShare/REVERB_DATA/REVERB/REVERB_WSJCAM0_et/data/cln_test/secondary_microphone/si_et_2/c3u/c3uc020f.wav
c3uc020i /CDShare/REVERB_DATA/REVERB/REVERB_WSJCAM0_et/data/cln_test/secondary_microphone/si_et_2/c3u/c3uc020i.wav
c3uc020l /CDShare/REVERB_DATA/REVERB/REVERB_WSJCAM0_et/data/cln_test/secondary_microphone/si_et_2/c3u/c3uc020l.wav
c3uc020o /CDShare/REVERB_DATA/REVERB/REVERB_WSJCAM0_et/data/cln_test/secondary_microphone/si_et_2/c3u/c3uc020o.wav
c3uc020r /CDShare/REVERB_DATA/REVERB/REVERB_WSJCAM0_et/data/cln_test/secondary_microphone/si_et_2/c3u/c3uc020r.wav
c3uc020u /CDShare/REVERB_DATA/REVERB/REVERB_WSJCAM0_et/data/cln_test/secondary_microphone/si_et_2/c3u/c3uc020u.wav
c3uc020x /CDShare/REVERB_DATA/REVERB/REVERB_WSJCAM0_et/data/cln_test/secondary_microphone/si_et_2/c3u/c3uc020x.wav
c3uc0210 /CDShare/REVERB_DATA/REVERB/REVERB_WSJCAM0_et/data/cln_test/secondary_microphone/si_et_2/c3u/c3uc0210.wav
c3uc0213 /CDShare/REVERB_DATA/REVERB/REVERB_WSJCAM0_et/data/cln_test/secondary_microphone/si_et_2/c3u/c3uc0213.wav
c3vc0202 /CDShare/REVERB_DATA/REVERB/REVERB_WSJCAM0_et/data/cln_test/secondary_microphone/si_et_2/c3v/c3vc0202.wav
c3vc0205 /CDShare/REVERB_DATA/REVERB/REVERB_WSJCAM0_et/data/cln_test/secondary_microphone/si_et_2/c3v/c3vc0205.wav
c3vc0208 /CDShare/REVERB_DATA/REVERB/REVERB_WSJCAM0_et/data/cln_test/secondary_microphone/si_et_2/c3v/c3vc0208.wav
c3vc020b /CDShare/REVERB_DATA/REVERB/REVERB_WSJCAM0_et/data/cln_test/secondary_microphone/si_et_2/c3v/c3vc020b.wav
c3vc020e /CDShare/REVERB_DATA/REVERB/REVERB_WSJCAM0_et/data/cln_test/secondary_microphone/si_et_2/c3v/c3vc020e.wav
c3vc020h /CDShare/REVERB_DATA/REVERB/REVERB_WSJCAM0_et/data/cln_test/secondary_microphone/si_et_2/c3v/c3vc020h.wav
c3vc020k /CDShare/REVERB_DATA/REVERB/REVERB_WSJCAM0_et/data/cln_test/secondary_microphone/si_et_2/c3v/c3vc020k.wav
c3vc020n /CDShare/REVERB_DATA/REVERB/REVERB_WSJCAM0_et/data/cln_test/secondary_microphone/si_et_2/c3v/c3vc020n.wav
c3vc020q /CDShare/REVERB_DATA/REVERB/REVERB_WSJCAM0_et/data/cln_test/secondary_microphone/si_et_2/c3v/c3vc020q.wav
c3vc020t /CDShare/REVERB_DATA/REVERB/REVERB_WSJCAM0_et/data/cln_test/secondary_microphone/si_et_2/c3v/c3vc020t.wav
c3vc020w /CDShare/REVERB_DATA/REVERB/REVERB_WSJCAM0_et/data/cln_test/secondary_microphone/si_et_2/c3v/c3vc020w.wav
c3vc020z /CDShare/REVERB_DATA/REVERB/REVERB_WSJCAM0_et/data/cln_test/secondary_microphone/si_et_2/c3v/c3vc020z.wav
c3vc0212 /CDShare/REVERB_DATA/REVERB/REVERB_WSJCAM0_et/data/cln_test/secondary_microphone/si_et_2/c3v/c3vc0212.wav
c3xc0201 /CDShare/REVERB_DATA/REVERB/REVERB_WSJCAM0_et/data/cln_test/secondary_microphone/si_et_2/c3x/c3xc0201.wav
c3xc0204 /CDShare/REVERB_DATA/REVERB/REVERB_WSJCAM0_et/data/cln_test/secondary_microphone/si_et_2/c3x/c3xc0204.wav
c3xc0207 /CDShare/REVERB_DATA/REVERB/REVERB_WSJCAM0_et/data/cln_test/secondary_microphone/si_et_2/c3x/c3xc0207.wav
c3xc020a /CDShare/REVERB_DATA/REVERB/REVERB_WSJCAM0_et/data/cln_test/secondary_microphone/si_et_2/c3x/c3xc020a.wav
c3xc020d /CDShare/REVERB_DATA/REVERB/REVERB_WSJCAM0_et/data/cln_test/secondary_microphone/si_et_2/c3x/c3xc020d.wav
c3xc020g /CDShare/REVERB_DATA/REVERB/REVERB_WSJCAM0_et/data/cln_test/secondary_microphone/si_et_2/c3x/c3xc020g.wav
c3xc020j /CDShare/REVERB_DATA/REVERB/REVERB_WSJCAM0_et/data/cln_test/secondary_microphone/si_et_2/c3x/c3xc020j.wav
c3xc020m /CDShare/REVERB_DATA/REVERB/REVERB_WSJCAM0_et/data/cln_test/secondary_microphone/si_et_2/c3x/c3xc020m.wav
c3xc020p /CDShare/REVERB_DATA/REVERB/REVERB_WSJCAM0_et/data/cln_test/secondary_microphone/si_et_2/c3x/c3xc020p.wav
c3xc020s /CDShare/REVERB_DATA/REVERB/REVERB_WSJCAM0_et/data/cln_test/secondary_microphone/si_et_2/c3x/c3xc020s.wav
c3xc020v /CDShare/REVERB_DATA/REVERB/REVERB_WSJCAM0_et/data/cln_test/secondary_microphone/si_et_2/c3x/c3xc020v.wav
c3xc020y /CDShare/REVERB_DATA/REVERB/REVERB_WSJCAM0_et/data/cln_test/secondary_microphone/si_et_2/c3x/c3xc020y.wav
c3xc0211 /CDShare/REVERB_DATA/REVERB/REVERB_WSJCAM0_et/data/cln_test/secondary_microphone/si_et_2/c3x/c3xc0211.wav
c3xc0214 /CDShare/REVERB_DATA/REVERB/REVERB_WSJCAM0_et/data/cln_test/secondary_microphone/si_et_2/c3x/c3xc0214.wav
c3yc0203 /CDShare/REVERB_DATA/REVERB/REVERB_WSJCAM0_et/data/cln_test/primary_microphone/si_et_1/c3y/c3yc0203.wav
c3yc0206 /CDShare/REVERB_DATA/REVERB/REVERB_WSJCAM0_et/data/cln_test/primary_microphone/si_et_1/c3y/c3yc0206.wav
c3yc0209 /CDShare/REVERB_DATA/REVERB/REVERB_WSJCAM0_et/data/cln_test/primary_microphone/si_et_1/c3y/c3yc0209.wav
c3yc020c /CDShare/REVERB_DATA/REVERB/REVERB_WSJCAM0_et/data/cln_test/primary_microphone/si_et_1/c3y/c3yc020c.wav
c3yc020f /CDShare/REVERB_DATA/REVERB/REVERB_WSJCAM0_et/data/cln_test/primary_microphone/si_et_1/c3y/c3yc020f.wav
c3yc020i /CDShare/REVERB_DATA/REVERB/REVERB_WSJCAM0_et/data/cln_test/primary_microphone/si_et_1/c3y/c3yc020i.wav
c3yc020l /CDShare/REVERB_DATA/REVERB/REVERB_WSJCAM0_et/data/cln_test/primary_microphone/si_et_1/c3y/c3yc020l.wav
c3yc020o /CDShare/REVERB_DATA/REVERB/REVERB_WSJCAM0_et/data/cln_test/primary_microphone/si_et_1/c3y/c3yc020o.wav
c3yc020r /CDShare/REVERB_DATA/REVERB/REVERB_WSJCAM0_et/data/cln_test/primary_microphone/si_et_1/c3y/c3yc020r.wav
c3yc020u /CDShare/REVERB_DATA/REVERB/REVERB_WSJCAM0_et/data/cln_test/primary_microphone/si_et_1/c3y/c3yc020u.wav
c3yc020x /CDShare/REVERB_DATA/REVERB/REVERB_WSJCAM0_et/data/cln_test/primary_microphone/si_et_1/c3y/c3yc020x.wav
c3yc0210 /CDShare/REVERB_DATA/REVERB/REVERB_WSJCAM0_et/data/cln_test/primary_microphone/si_et_1/c3y/c3yc0210.wav
c3yc0213 /CDShare/REVERB_DATA/REVERB/REVERB_WSJCAM0_et/data/cln_test/primary_microphone/si_et_1/c3y/c3yc0213.wav
c43c0203 /CDShare/REVERB_DATA/REVERB/REVERB_WSJCAM0_et/data/cln_test/secondary_microphone/si_et_2/c43/c43c0203.wav
c43c0206 /CDShare/REVERB_DATA/REVERB/REVERB_WSJCAM0_et/data/cln_test/secondary_microphone/si_et_2/c43/c43c0206.wav
c43c0209 /CDShare/REVERB_DATA/REVERB/REVERB_WSJCAM0_et/data/cln_test/secondary_microphone/si_et_2/c43/c43c0209.wav
c43c020c /CDShare/REVERB_DATA/REVERB/REVERB_WSJCAM0_et/data/cln_test/secondary_microphone/si_et_2/c43/c43c020c.wav
c43c020f /CDShare/REVERB_DATA/REVERB/REVERB_WSJCAM0_et/data/cln_test/secondary_microphone/si_et_2/c43/c43c020f.wav
c43c020i /CDShare/REVERB_DATA/REVERB/REVERB_WSJCAM0_et/data/cln_test/secondary_microphone/si_et_2/c43/c43c020i.wav
c43c020l /CDShare/REVERB_DATA/REVERB/REVERB_WSJCAM0_et/data/cln_test/secondary_microphone/si_et_2/c43/c43c020l.wav
c43c020o /CDShare/REVERB_DATA/REVERB/REVERB_WSJCAM0_et/data/cln_test/secondary_microphone/si_et_2/c43/c43c020o.wav
c43c020r /CDShare/REVERB_DATA/REVERB/REVERB_WSJCAM0_et/data/cln_test/secondary_microphone/si_et_2/c43/c43c020r.wav
c43c020u /CDShare/REVERB_DATA/REVERB/REVERB_WSJCAM0_et/data/cln_test/secondary_microphone/si_et_2/c43/c43c020u.wav
c43c020x /CDShare/REVERB_DATA/REVERB/REVERB_WSJCAM0_et/data/cln_test/secondary_microphone/si_et_2/c43/c43c020x.wav
c43c0210 /CDShare/REVERB_DATA/REVERB/REVERB_WSJCAM0_et/data/cln_test/secondary_microphone/si_et_2/c43/c43c0210.wav
c44c0202 /CDShare/REVERB_DATA/REVERB/REVERB_WSJCAM0_et/data/cln_test/secondary_microphone/si_et_2/c44/c44c0202.wav
c44c0205 /CDShare/REVERB_DATA/REVERB/REVERB_WSJCAM0_et/data/cln_test/secondary_microphone/si_et_2/c44/c44c0205.wav
c44c0208 /CDShare/REVERB_DATA/REVERB/REVERB_WSJCAM0_et/data/cln_test/secondary_microphone/si_et_2/c44/c44c0208.wav
c44c020b /CDShare/REVERB_DATA/REVERB/REVERB_WSJCAM0_et/data/cln_test/secondary_microphone/si_et_2/c44/c44c020b.wav
c44c020e /CDShare/REVERB_DATA/REVERB/REVERB_WSJCAM0_et/data/cln_test/secondary_microphone/si_et_2/c44/c44c020e.wav
c44c020h /CDShare/REVERB_DATA/REVERB/REVERB_WSJCAM0_et/data/cln_test/secondary_microphone/si_et_2/c44/c44c020h.wav
c44c020k /CDShare/REVERB_DATA/REVERB/REVERB_WSJCAM0_et/data/cln_test/secondary_microphone/si_et_2/c44/c44c020k.wav
c44c020n /CDShare/REVERB_DATA/REVERB/REVERB_WSJCAM0_et/data/cln_test/secondary_microphone/si_et_2/c44/c44c020n.wav
c44c020q /CDShare/REVERB_DATA/REVERB/REVERB_WSJCAM0_et/data/cln_test/secondary_microphone/si_et_2/c44/c44c020q.wav
c44c020t /CDShare/REVERB_DATA/REVERB/REVERB_WSJCAM0_et/data/cln_test/secondary_microphone/si_et_2/c44/c44c020t.wav
c44c020w /CDShare/REVERB_DATA/REVERB/REVERB_WSJCAM0_et/data/cln_test/secondary_microphone/si_et_2/c44/c44c020w.wav
c44c020z /CDShare/REVERB_DATA/REVERB/REVERB_WSJCAM0_et/data/cln_test/secondary_microphone/si_et_2/c44/c44c020z.wav
c44c0212 /CDShare/REVERB_DATA/REVERB/REVERB_WSJCAM0_et/data/cln_test/secondary_microphone/si_et_2/c44/c44c0212.wav
c46c0202 /CDShare/REVERB_DATA/REVERB/REVERB_WSJCAM0_et/data/cln_test/primary_microphone/si_et_1/c46/c46c0202.wav
c46c0205 /CDShare/REVERB_DATA/REVERB/REVERB_WSJCAM0_et/data/cln_test/primary_microphone/si_et_1/c46/c46c0205.wav
c46c0208 /CDShare/REVERB_DATA/REVERB/REVERB_WSJCAM0_et/data/cln_test/primary_microphone/si_et_1/c46/c46c0208.wav
c46c020b /CDShare/REVERB_DATA/REVERB/REVERB_WSJCAM0_et/data/cln_test/primary_microphone/si_et_1/c46/c46c020b.wav
c46c020e /CDShare/REVERB_DATA/REVERB/REVERB_WSJCAM0_et/data/cln_test/primary_microphone/si_et_1/c46/c46c020e.wav
c46c020h /CDShare/REVERB_DATA/REVERB/REVERB_WSJCAM0_et/data/cln_test/primary_microphone/si_et_1/c46/c46c020h.wav
c46c020k /CDShare/REVERB_DATA/REVERB/REVERB_WSJCAM0_et/data/cln_test/primary_microphone/si_et_1/c46/c46c020k.wav
c46c020n /CDShare/REVERB_DATA/REVERB/REVERB_WSJCAM0_et/data/cln_test/primary_microphone/si_et_1/c46/c46c020n.wav
c46c020q /CDShare/REVERB_DATA/REVERB/REVERB_WSJCAM0_et/data/cln_test/primary_microphone/si_et_1/c46/c46c020q.wav
c46c020t /CDShare/REVERB_DATA/REVERB/REVERB_WSJCAM0_et/data/cln_test/primary_microphone/si_et_1/c46/c46c020t.wav
c46c020w /CDShare/REVERB_DATA/REVERB/REVERB_WSJCAM0_et/data/cln_test/primary_microphone/si_et_1/c46/c46c020w.wav
c46c020z /CDShare/REVERB_DATA/REVERB/REVERB_WSJCAM0_et/data/cln_test/primary_microphone/si_et_1/c46/c46c020z.wav
c46c0212 /CDShare/REVERB_DATA/REVERB/REVERB_WSJCAM0_et/data/cln_test/primary_microphone/si_et_1/c46/c46c0212.wav
c47c0202 /CDShare/REVERB_DATA/REVERB/REVERB_WSJCAM0_et/data/cln_test/secondary_microphone/si_et_2/c47/c47c0202.wav
c47c0205 /CDShare/REVERB_DATA/REVERB/REVERB_WSJCAM0_et/data/cln_test/secondary_microphone/si_et_2/c47/c47c0205.wav
c47c0208 /CDShare/REVERB_DATA/REVERB/REVERB_WSJCAM0_et/data/cln_test/secondary_microphone/si_et_2/c47/c47c0208.wav
c47c020b /CDShare/REVERB_DATA/REVERB/REVERB_WSJCAM0_et/data/cln_test/secondary_microphone/si_et_2/c47/c47c020b.wav
c47c020e /CDShare/REVERB_DATA/REVERB/REVERB_WSJCAM0_et/data/cln_test/secondary_microphone/si_et_2/c47/c47c020e.wav
c47c020h /CDShare/REVERB_DATA/REVERB/REVERB_WSJCAM0_et/data/cln_test/secondary_microphone/si_et_2/c47/c47c020h.wav
c47c020k /CDShare/REVERB_DATA/REVERB/REVERB_WSJCAM0_et/data/cln_test/secondary_microphone/si_et_2/c47/c47c020k.wav
c47c020n /CDShare/REVERB_DATA/REVERB/REVERB_WSJCAM0_et/data/cln_test/secondary_microphone/si_et_2/c47/c47c020n.wav
c47c020q /CDShare/REVERB_DATA/REVERB/REVERB_WSJCAM0_et/data/cln_test/secondary_microphone/si_et_2/c47/c47c020q.wav
c47c020t /CDShare/REVERB_DATA/REVERB/REVERB_WSJCAM0_et/data/cln_test/secondary_microphone/si_et_2/c47/c47c020t.wav
c47c020w /CDShare/REVERB_DATA/REVERB/REVERB_WSJCAM0_et/data/cln_test/secondary_microphone/si_et_2/c47/c47c020w.wav
c47c020z /CDShare/REVERB_DATA/REVERB/REVERB_WSJCAM0_et/data/cln_test/secondary_microphone/si_et_2/c47/c47c020z.wav
c47c0212 /CDShare/REVERB_DATA/REVERB/REVERB_WSJCAM0_et/data/cln_test/secondary_microphone/si_et_2/c47/c47c0212.wav
c48c0201 /CDShare/REVERB_DATA/REVERB/REVERB_WSJCAM0_et/data/cln_test/primary_microphone/si_et_1/c48/c48c0201.wav
c48c0204 /CDShare/REVERB_DATA/REVERB/REVERB_WSJCAM0_et/data/cln_test/primary_microphone/si_et_1/c48/c48c0204.wav
c48c0207 /CDShare/REVERB_DATA/REVERB/REVERB_WSJCAM0_et/data/cln_test/primary_microphone/si_et_1/c48/c48c0207.wav
c48c020a /CDShare/REVERB_DATA/REVERB/REVERB_WSJCAM0_et/data/cln_test/primary_microphone/si_et_1/c48/c48c020a.wav
c48c020d /CDShare/REVERB_DATA/REVERB/REVERB_WSJCAM0_et/data/cln_test/primary_microphone/si_et_1/c48/c48c020d.wav
c48c020g /CDShare/REVERB_DATA/REVERB/REVERB_WSJCAM0_et/data/cln_test/primary_microphone/si_et_1/c48/c48c020g.wav
c48c020j /CDShare/REVERB_DATA/REVERB/REVERB_WSJCAM0_et/data/cln_test/primary_microphone/si_et_1/c48/c48c020j.wav
c48c020m /CDShare/REVERB_DATA/REVERB/REVERB_WSJCAM0_et/data/cln_test/primary_microphone/si_et_1/c48/c48c020m.wav
c48c020p /CDShare/REVERB_DATA/REVERB/REVERB_WSJCAM0_et/data/cln_test/primary_microphone/si_et_1/c48/c48c020p.wav
c48c020s /CDShare/REVERB_DATA/REVERB/REVERB_WSJCAM0_et/data/cln_test/primary_microphone/si_et_1/c48/c48c020s.wav
c48c020v /CDShare/REVERB_DATA/REVERB/REVERB_WSJCAM0_et/data/cln_test/primary_microphone/si_et_1/c48/c48c020v.wav
c48c020y /CDShare/REVERB_DATA/REVERB/REVERB_WSJCAM0_et/data/cln_test/primary_microphone/si_et_1/c48/c48c020y.wav
c48c0211 /CDShare/REVERB_DATA/REVERB/REVERB_WSJCAM0_et/data/cln_test/primary_microphone/si_et_1/c48/c48c0211.wav
c4ac0201 /CDShare/REVERB_DATA/REVERB/REVERB_WSJCAM0_et/data/cln_test/primary_microphone/si_et_1/c4a/c4ac0201.wav
c4ac0204 /CDShare/REVERB_DATA/REVERB/REVERB_WSJCAM0_et/data/cln_test/primary_microphone/si_et_1/c4a/c4ac0204.wav
c4ac0207 /CDShare/REVERB_DATA/REVERB/REVERB_WSJCAM0_et/data/cln_test/primary_microphone/si_et_1/c4a/c4ac0207.wav
c4ac020a /CDShare/REVERB_DATA/REVERB/REVERB_WSJCAM0_et/data/cln_test/primary_microphone/si_et_1/c4a/c4ac020a.wav
c4ac020d /CDShare/REVERB_DATA/REVERB/REVERB_WSJCAM0_et/data/cln_test/primary_microphone/si_et_1/c4a/c4ac020d.wav
c4ac020g /CDShare/REVERB_DATA/REVERB/REVERB_WSJCAM0_et/data/cln_test/primary_microphone/si_et_1/c4a/c4ac020g.wav
c4ac020j /CDShare/REVERB_DATA/REVERB/REVERB_WSJCAM0_et/data/cln_test/primary_microphone/si_et_1/c4a/c4ac020j.wav
c4ac020m /CDShare/REVERB_DATA/REVERB/REVERB_WSJCAM0_et/data/cln_test/primary_microphone/si_et_1/c4a/c4ac020m.wav
c4ac020p /CDShare/REVERB_DATA/REVERB/REVERB_WSJCAM0_et/data/cln_test/primary_microphone/si_et_1/c4a/c4ac020p.wav
c4ac020s /CDShare/REVERB_DATA/REVERB/REVERB_WSJCAM0_et/data/cln_test/primary_microphone/si_et_1/c4a/c4ac020s.wav
c4ac020v /CDShare/REVERB_DATA/REVERB/REVERB_WSJCAM0_et/data/cln_test/primary_microphone/si_et_1/c4a/c4ac020v.wav
c4ac020y /CDShare/REVERB_DATA/REVERB/REVERB_WSJCAM0_et/data/cln_test/primary_microphone/si_et_1/c4a/c4ac020y.wav
c4ac0211 /CDShare/REVERB_DATA/REVERB/REVERB_WSJCAM0_et/data/cln_test/primary_microphone/si_et_1/c4a/c4ac0211.wav
c4bc0201 /CDShare/REVERB_DATA/REVERB/REVERB_WSJCAM0_et/data/cln_test/secondary_microphone/si_et_2/c4b/c4bc0201.wav
c4bc0204 /CDShare/REVERB_DATA/REVERB/REVERB_WSJCAM0_et/data/cln_test/secondary_microphone/si_et_2/c4b/c4bc0204.wav
c4bc0207 /CDShare/REVERB_DATA/REVERB/REVERB_WSJCAM0_et/data/cln_test/secondary_microphone/si_et_2/c4b/c4bc0207.wav
c4bc020a /CDShare/REVERB_DATA/REVERB/REVERB_WSJCAM0_et/data/cln_test/secondary_microphone/si_et_2/c4b/c4bc020a.wav
c4bc020d /CDShare/REVERB_DATA/REVERB/REVERB_WSJCAM0_et/data/cln_test/secondary_microphone/si_et_2/c4b/c4bc020d.wav
c4bc020g /CDShare/REVERB_DATA/REVERB/REVERB_WSJCAM0_et/data/cln_test/secondary_microphone/si_et_2/c4b/c4bc020g.wav
c4bc020j /CDShare/REVERB_DATA/REVERB/REVERB_WSJCAM0_et/data/cln_test/secondary_microphone/si_et_2/c4b/c4bc020j.wav
c4bc020m /CDShare/REVERB_DATA/REVERB/REVERB_WSJCAM0_et/data/cln_test/secondary_microphone/si_et_2/c4b/c4bc020m.wav
c4bc020p /CDShare/REVERB_DATA/REVERB/REVERB_WSJCAM0_et/data/cln_test/secondary_microphone/si_et_2/c4b/c4bc020p.wav
c4bc020s /CDShare/REVERB_DATA/REVERB/REVERB_WSJCAM0_et/data/cln_test/secondary_microphone/si_et_2/c4b/c4bc020s.wav
c4bc020v /CDShare/REVERB_DATA/REVERB/REVERB_WSJCAM0_et/data/cln_test/secondary_microphone/si_et_2/c4b/c4bc020v.wav
c4bc020y /CDShare/REVERB_DATA/REVERB/REVERB_WSJCAM0_et/data/cln_test/secondary_microphone/si_et_2/c4b/c4bc020y.wav
c4bc0211 /CDShare/REVERB_DATA/REVERB/REVERB_WSJCAM0_et/data/cln_test/secondary_microphone/si_et_2/c4b/c4bc0211.wav
c4bc0214 /CDShare/REVERB_DATA/REVERB/REVERB_WSJCAM0_et/data/cln_test/secondary_microphone/si_et_2/c4b/c4bc0214.wav
