c31c0201 /CDShare/REVERB_DATA/REVERB/REVERB_WSJCAM0_dt/data/cln_test/primary_microphone/si_dt/c31/c31c0201.wav
c31c0204 /CDShare/REVERB_DATA/REVERB/REVERB_WSJCAM0_dt/data/cln_test/primary_microphone/si_dt/c31/c31c0204.wav
c31c0208 /CDShare/REVERB_DATA/REVERB/REVERB_WSJCAM0_dt/data/cln_test/primary_microphone/si_dt/c31/c31c0208.wav
c31c020b /CDShare/REVERB_DATA/REVERB/REVERB_WSJCAM0_dt/data/cln_test/primary_microphone/si_dt/c31/c31c020b.wav
c31c020e /CDShare/REVERB_DATA/REVERB/REVERB_WSJCAM0_dt/data/cln_test/primary_microphone/si_dt/c31/c31c020e.wav
c31c020h /CDShare/REVERB_DATA/REVERB/REVERB_WSJCAM0_dt/data/cln_test/primary_microphone/si_dt/c31/c31c020h.wav
c31c020m /CDShare/REVERB_DATA/REVERB/REVERB_WSJCAM0_dt/data/cln_test/primary_microphone/si_dt/c31/c31c020m.wav
c31c020p /CDShare/REVERB_DATA/REVERB/REVERB_WSJCAM0_dt/data/cln_test/primary_microphone/si_dt/c31/c31c020p.wav
c31c020s /CDShare/REVERB_DATA/REVERB/REVERB_WSJCAM0_dt/data/cln_test/primary_microphone/si_dt/c31/c31c020s.wav
c31c020v /CDShare/REVERB_DATA/REVERB/REVERB_WSJCAM0_dt/data/cln_test/primary_microphone/si_dt/c31/c31c020v.wav
c31c020y /CDShare/REVERB_DATA/REVERB/REVERB_WSJCAM0_dt/data/cln_test/primary_microphone/si_dt/c31/c31c020y.wav
c31c0211 /CDShare/REVERB_DATA/REVERB/REVERB_WSJCAM0_dt/data/cln_test/primary_microphone/si_dt/c31/c31c0211.wav
c34c0201 /CDShare/REVERB_DATA/REVERB/REVERB_WSJCAM0_dt/data/cln_test/primary_microphone/si_dt/c34/c34c0201.wav
c34c0204 /CDShare/REVERB_DATA/REVERB/REVERB_WSJCAM0_dt/data/cln_test/primary_microphone/si_dt/c34/c34c0204.wav
c34c0207 /CDShare/REVERB_DATA/REVERB/REVERB_WSJCAM0_dt/data/cln_test/primary_microphone/si_dt/c34/c34c0207.wav
c34c020a /CDShare/REVERB_DATA/REVERB/REVERB_WSJCAM0_dt/data/cln_test/primary_microphone/si_dt/c34/c34c020a.wav
c34c020d /CDShare/REVERB_DATA/REVERB/REVERB_WSJCAM0_dt/data/cln_test/primary_microphone/si_dt/c34/c34c020d.wav
c34c020g /CDShare/REVERB_DATA/REVERB/REVERB_WSJCAM0_dt/data/cln_test/primary_microphone/si_dt/c34/c34c020g.wav
c34c020j /CDShare/REVERB_DATA/REVERB/REVERB_WSJCAM0_dt/data/cln_test/primary_microphone/si_dt/c34/c34c020j.wav
c34c020n /CDShare/REVERB_DATA/REVERB/REVERB_WSJCAM0_dt/data/cln_test/primary_microphone/si_dt/c34/c34c020n.wav
c34c020q /CDShare/REVERB_DATA/REVERB/REVERB_WSJCAM0_dt/data/cln_test/primary_microphone/si_dt/c34/c34c020q.wav
c34c020t /CDShare/REVERB_DATA/REVERB/REVERB_WSJCAM0_dt/data/cln_test/primary_microphone/si_dt/c34/c34c020t.wav
c34c020w /CDShare/REVERB_DATA/REVERB/REVERB_WSJCAM0_dt/data/cln_test/primary_microphone/si_dt/c34/c34c020w.wav
c34c020z /CDShare/REVERB_DATA/REVERB/REVERB_WSJCAM0_dt/data/cln_test/primary_microphone/si_dt/c34/c34c020z.wav
c34c0212 /CDShare/REVERB_DATA/REVERB/REVERB_WSJCAM0_dt/data/cln_test/primary_microphone/si_dt/c34/c34c0212.wav
c35c0202 /CDShare/REVERB_DATA/REVERB/REVERB_WSJCAM0_dt/data/cln_test/primary_microphone/si_dt/c35/c35c0202.wav
c35c0205 /CDShare/REVERB_DATA/REVERB/REVERB_WSJCAM0_dt/data/cln_test/primary_microphone/si_dt/c35/c35c0205.wav
c35c0208 /CDShare/REVERB_DATA/REVERB/REVERB_WSJCAM0_dt/data/cln_test/primary_microphone/si_dt/c35/c35c0208.wav
c35c020b /CDShare/REVERB_DATA/REVERB/REVERB_WSJCAM0_dt/data/cln_test/primary_microphone/si_dt/c35/c35c020b.wav
c35c020e /CDShare/REVERB_DATA/REVERB/REVERB_WSJCAM0_dt/data/cln_test/primary_microphone/si_dt/c35/c35c020e.wav
c35c020h /CDShare/REVERB_DATA/REVERB/REVERB_WSJCAM0_dt/data/cln_test/primary_microphone/si_dt/c35/c35c020h.wav
c35c020m /CDShare/REVERB_DATA/REVERB/REVERB_WSJCAM0_dt/data/cln_test/primary_microphone/si_dt/c35/c35c020m.wav
c35c020p /CDShare/REVERB_DATA/REVERB/REVERB_WSJCAM0_dt/data/cln_test/primary_microphone/si_dt/c35/c35c020p.wav
c35c020s /CDShare/REVERB_DATA/REVERB/REVERB_WSJCAM0_dt/data/cln_test/primary_microphone/si_dt/c35/c35c020s.wav
c35c020v /CDShare/REVERB_DATA/REVERB/REVERB_WSJCAM0_dt/data/cln_test/primary_microphone/si_dt/c35/c35c020v.wav
c35c020y /CDShare/REVERB_DATA/REVERB/REVERB_WSJCAM0_dt/data/cln_test/primary_microphone/si_dt/c35/c35c020y.wav
c35c0211 /CDShare/REVERB_DATA/REVERB/REVERB_WSJCAM0_dt/data/cln_test/primary_microphone/si_dt/c35/c35c0211.wav
c38c0201 /CDShare/REVERB_DATA/REVERB/REVERB_WSJCAM0_dt/data/cln_test/primary_microphone/si_dt/c38/c38c0201.wav
c38c0204 /CDShare/REVERB_DATA/REVERB/REVERB_WSJCAM0_dt/data/cln_test/primary_microphone/si_dt/c38/c38c0204.wav
c38c0207 /CDShare/REVERB_DATA/REVERB/REVERB_WSJCAM0_dt/data/cln_test/primary_microphone/si_dt/c38/c38c0207.wav
c38c020b /CDShare/REVERB_DATA/REVERB/REVERB_WSJCAM0_dt/data/cln_test/primary_microphone/si_dt/c38/c38c020b.wav
c38c020e /CDShare/REVERB_DATA/REVERB/REVERB_WSJCAM0_dt/data/cln_test/primary_microphone/si_dt/c38/c38c020e.wav
c38c020h /CDShare/REVERB_DATA/REVERB/REVERB_WSJCAM0_dt/data/cln_test/primary_microphone/si_dt/c38/c38c020h.wav
c38c020k /CDShare/REVERB_DATA/REVERB/REVERB_WSJCAM0_dt/data/cln_test/primary_microphone/si_dt/c38/c38c020k.wav
c38c020n /CDShare/REVERB_DATA/REVERB/REVERB_WSJCAM0_dt/data/cln_test/primary_microphone/si_dt/c38/c38c020n.wav
c38c020s /CDShare/REVERB_DATA/REVERB/REVERB_WSJCAM0_dt/data/cln_test/primary_microphone/si_dt/c38/c38c020s.wav
c38c020v /CDShare/REVERB_DATA/REVERB/REVERB_WSJCAM0_dt/data/cln_test/primary_microphone/si_dt/c38/c38c020v.wav
c38c020y /CDShare/REVERB_DATA/REVERB/REVERB_WSJCAM0_dt/data/cln_test/primary_microphone/si_dt/c38/c38c020y.wav
c38c0211 /CDShare/REVERB_DATA/REVERB/REVERB_WSJCAM0_dt/data/cln_test/primary_microphone/si_dt/c38/c38c0211.wav
c3cc0201 /CDShare/REVERB_DATA/REVERB/REVERB_WSJCAM0_dt/data/cln_test/primary_microphone/si_dt/c3c/c3cc0201.wav
c3cc0204 /CDShare/REVERB_DATA/REVERB/REVERB_WSJCAM0_dt/data/cln_test/primary_microphone/si_dt/c3c/c3cc0204.wav
c3cc0207 /CDShare/REVERB_DATA/REVERB/REVERB_WSJCAM0_dt/data/cln_test/primary_microphone/si_dt/c3c/c3cc0207.wav
c3cc020a /CDShare/REVERB_DATA/REVERB/REVERB_WSJCAM0_dt/data/cln_test/primary_microphone/si_dt/c3c/c3cc020a.wav
c3cc020d /CDShare/REVERB_DATA/REVERB/REVERB_WSJCAM0_dt/data/cln_test/primary_microphone/si_dt/c3c/c3cc020d.wav
c3cc020g /CDShare/REVERB_DATA/REVERB/REVERB_WSJCAM0_dt/data/cln_test/primary_microphone/si_dt/c3c/c3cc020g.wav
c3cc020j /CDShare/REVERB_DATA/REVERB/REVERB_WSJCAM0_dt/data/cln_test/primary_microphone/si_dt/c3c/c3cc020j.wav
c3cc020k /CDShare/REVERB_DATA/REVERB/REVERB_WSJCAM0_dt/data/cln_test/primary_microphone/si_dt/c3c/c3cc020k.wav
c3cc020n /CDShare/REVERB_DATA/REVERB/REVERB_WSJCAM0_dt/data/cln_test/primary_microphone/si_dt/c3c/c3cc020n.wav
c3cc020q /CDShare/REVERB_DATA/REVERB/REVERB_WSJCAM0_dt/data/cln_test/primary_microphone/si_dt/c3c/c3cc020q.wav
c3cc020u /CDShare/REVERB_DATA/REVERB/REVERB_WSJCAM0_dt/data/cln_test/primary_microphone/si_dt/c3c/c3cc020u.wav
c3cc020x /CDShare/REVERB_DATA/REVERB/REVERB_WSJCAM0_dt/data/cln_test/primary_microphone/si_dt/c3c/c3cc020x.wav
c3cc0210 /CDShare/REVERB_DATA/REVERB/REVERB_WSJCAM0_dt/data/cln_test/primary_microphone/si_dt/c3c/c3cc0210.wav
c3cc0213 /CDShare/REVERB_DATA/REVERB/REVERB_WSJCAM0_dt/data/cln_test/primary_microphone/si_dt/c3c/c3cc0213.wav
c3dc0203 /CDShare/REVERB_DATA/REVERB/REVERB_WSJCAM0_dt/data/cln_test/primary_microphone/si_dt/c3d/c3dc0203.wav
c3dc0206 /CDShare/REVERB_DATA/REVERB/REVERB_WSJCAM0_dt/data/cln_test/primary_microphone/si_dt/c3d/c3dc0206.wav
c3dc0209 /CDShare/REVERB_DATA/REVERB/REVERB_WSJCAM0_dt/data/cln_test/primary_microphone/si_dt/c3d/c3dc0209.wav
c3dc020c /CDShare/REVERB_DATA/REVERB/REVERB_WSJCAM0_dt/data/cln_test/primary_microphone/si_dt/c3d/c3dc020c.wav
c3dc020f /CDShare/REVERB_DATA/REVERB/REVERB_WSJCAM0_dt/data/cln_test/primary_microphone/si_dt/c3d/c3dc020f.wav
c3dc020i /CDShare/REVERB_DATA/REVERB/REVERB_WSJCAM0_dt/data/cln_test/primary_microphone/si_dt/c3d/c3dc020i.wav
c3dc020m /CDShare/REVERB_DATA/REVERB/REVERB_WSJCAM0_dt/data/cln_test/primary_microphone/si_dt/c3d/c3dc020m.wav
c3dc020p /CDShare/REVERB_DATA/REVERB/REVERB_WSJCAM0_dt/data/cln_test/primary_microphone/si_dt/c3d/c3dc020p.wav
c3dc020s /CDShare/REVERB_DATA/REVERB/REVERB_WSJCAM0_dt/data/cln_test/primary_microphone/si_dt/c3d/c3dc020s.wav
c3dc020v /CDShare/REVERB_DATA/REVERB/REVERB_WSJCAM0_dt/data/cln_test/primary_microphone/si_dt/c3d/c3dc020v.wav
c3dc020y /CDShare/REVERB_DATA/REVERB/REVERB_WSJCAM0_dt/data/cln_test/primary_microphone/si_dt/c3d/c3dc020y.wav
c3dc0211 /CDShare/REVERB_DATA/REVERB/REVERB_WSJCAM0_dt/data/cln_test/primary_microphone/si_dt/c3d/c3dc0211.wav
c3dc0214 /CDShare/REVERB_DATA/REVERB/REVERB_WSJCAM0_dt/data/cln_test/primary_microphone/si_dt/c3d/c3dc0214.wav
c3fc0201 /CDShare/REVERB_DATA/REVERB/REVERB_WSJCAM0_dt/data/cln_test/primary_microphone/si_dt/c3f/c3fc0201.wav
c3fc0204 /CDShare/REVERB_DATA/REVERB/REVERB_WSJCAM0_dt/data/cln_test/primary_microphone/si_dt/c3f/c3fc0204.wav
c3fc0207 /CDShare/REVERB_DATA/REVERB/REVERB_WSJCAM0_dt/data/cln_test/primary_microphone/si_dt/c3f/c3fc0207.wav
c3fc020a /CDShare/REVERB_DATA/REVERB/REVERB_WSJCAM0_dt/data/cln_test/primary_microphone/si_dt/c3f/c3fc020a.wav
c3fc020d /CDShare/REVERB_DATA/REVERB/REVERB_WSJCAM0_dt/data/cln_test/primary_microphone/si_dt/c3f/c3fc020d.wav
c3fc020g /CDShare/REVERB_DATA/REVERB/REVERB_WSJCAM0_dt/data/cln_test/primary_microphone/si_dt/c3f/c3fc020g.wav
c3fc020l /CDShare/REVERB_DATA/REVERB/REVERB_WSJCAM0_dt/data/cln_test/primary_microphone/si_dt/c3f/c3fc020l.wav
c3fc020p /CDShare/REVERB_DATA/REVERB/REVERB_WSJCAM0_dt/data/cln_test/primary_microphone/si_dt/c3f/c3fc020p.wav
c3fc020s /CDShare/REVERB_DATA/REVERB/REVERB_WSJCAM0_dt/data/cln_test/primary_microphone/si_dt/c3f/c3fc020s.wav
c3fc020v /CDShare/REVERB_DATA/REVERB/REVERB_WSJCAM0_dt/data/cln_test/primary_microphone/si_dt/c3f/c3fc020v.wav
c3fc0210 /CDShare/REVERB_DATA/REVERB/REVERB_WSJCAM0_dt/data/cln_test/primary_microphone/si_dt/c3f/c3fc0210.wav
c3jc0202 /CDShare/REVERB_DATA/REVERB/REVERB_WSJCAM0_dt/data/cln_test/primary_microphone/si_dt/c3j/c3jc0202.wav
c3jc0205 /CDShare/REVERB_DATA/REVERB/REVERB_WSJCAM0_dt/data/cln_test/primary_microphone/si_dt/c3j/c3jc0205.wav
c3jc0208 /CDShare/REVERB_DATA/REVERB/REVERB_WSJCAM0_dt/data/cln_test/primary_microphone/si_dt/c3j/c3jc0208.wav
c3jc020b /CDShare/REVERB_DATA/REVERB/REVERB_WSJCAM0_dt/data/cln_test/primary_microphone/si_dt/c3j/c3jc020b.wav
c3jc020e /CDShare/REVERB_DATA/REVERB/REVERB_WSJCAM0_dt/data/cln_test/primary_microphone/si_dt/c3j/c3jc020e.wav
c3jc020h /CDShare/REVERB_DATA/REVERB/REVERB_WSJCAM0_dt/data/cln_test/primary_microphone/si_dt/c3j/c3jc020h.wav
c3jc020k /CDShare/REVERB_DATA/REVERB/REVERB_WSJCAM0_dt/data/cln_test/primary_microphone/si_dt/c3j/c3jc020k.wav
c3jc020o /CDShare/REVERB_DATA/REVERB/REVERB_WSJCAM0_dt/data/cln_test/primary_microphone/si_dt/c3j/c3jc020o.wav
c3jc020r /CDShare/REVERB_DATA/REVERB/REVERB_WSJCAM0_dt/data/cln_test/primary_microphone/si_dt/c3j/c3jc020r.wav
c3jc020u /CDShare/REVERB_DATA/REVERB/REVERB_WSJCAM0_dt/data/cln_test/primary_microphone/si_dt/c3j/c3jc020u.wav
c3jc020x /CDShare/REVERB_DATA/REVERB/REVERB_WSJCAM0_dt/data/cln_test/primary_microphone/si_dt/c3j/c3jc020x.wav
c3jc0210 /CDShare/REVERB_DATA/REVERB/REVERB_WSJCAM0_dt/data/cln_test/primary_microphone/si_dt/c3j/c3jc0210.wav
c3jc0213 /CDShare/REVERB_DATA/REVERB/REVERB_WSJCAM0_dt/data/cln_test/primary_microphone/si_dt/c3j/c3jc0213.wav
c3kc0201 /CDShare/REVERB_DATA/REVERB/REVERB_WSJCAM0_dt/data/cln_test/primary_microphone/si_dt/c3k/c3kc0201.wav
c3kc0204 /CDShare/REVERB_DATA/REVERB/REVERB_WSJCAM0_dt/data/cln_test/primary_microphone/si_dt/c3k/c3kc0204.wav
c3kc0207 /CDShare/REVERB_DATA/REVERB/REVERB_WSJCAM0_dt/data/cln_test/primary_microphone/si_dt/c3k/c3kc0207.wav
c3kc020b /CDShare/REVERB_DATA/REVERB/REVERB_WSJCAM0_dt/data/cln_test/primary_microphone/si_dt/c3k/c3kc020b.wav
c3kc020g /CDShare/REVERB_DATA/REVERB/REVERB_WSJCAM0_dt/data/cln_test/primary_microphone/si_dt/c3k/c3kc020g.wav
c3kc020j /CDShare/REVERB_DATA/REVERB/REVERB_WSJCAM0_dt/data/cln_test/primary_microphone/si_dt/c3k/c3kc020j.wav
c3kc020n /CDShare/REVERB_DATA/REVERB/REVERB_WSJCAM0_dt/data/cln_test/primary_microphone/si_dt/c3k/c3kc020n.wav
c3kc020t /CDShare/REVERB_DATA/REVERB/REVERB_WSJCAM0_dt/data/cln_test/primary_microphone/si_dt/c3k/c3kc020t.wav
c3kc020x /CDShare/REVERB_DATA/REVERB/REVERB_WSJCAM0_dt/data/cln_test/primary_microphone/si_dt/c3k/c3kc020x.wav
c3kc0211 /CDShare/REVERB_DATA/REVERB/REVERB_WSJCAM0_dt/data/cln_test/primary_microphone/si_dt/c3k/c3kc0211.wav
c3kc0214 /CDShare/REVERB_DATA/REVERB/REVERB_WSJCAM0_dt/data/cln_test/primary_microphone/si_dt/c3k/c3kc0214.wav
c3lc0203 /CDShare/REVERB_DATA/REVERB/REVERB_WSJCAM0_dt/data/cln_test/primary_microphone/si_dt/c3l/c3lc0203.wav
c3lc0206 /CDShare/REVERB_DATA/REVERB/REVERB_WSJCAM0_dt/data/cln_test/primary_microphone/si_dt/c3l/c3lc0206.wav
c3lc0209 /CDShare/REVERB_DATA/REVERB/REVERB_WSJCAM0_dt/data/cln_test/primary_microphone/si_dt/c3l/c3lc0209.wav
c3lc020c /CDShare/REVERB_DATA/REVERB/REVERB_WSJCAM0_dt/data/cln_test/primary_microphone/si_dt/c3l/c3lc020c.wav
c3lc020h /CDShare/REVERB_DATA/REVERB/REVERB_WSJCAM0_dt/data/cln_test/primary_microphone/si_dt/c3l/c3lc020h.wav
c3lc020l /CDShare/REVERB_DATA/REVERB/REVERB_WSJCAM0_dt/data/cln_test/primary_microphone/si_dt/c3l/c3lc020l.wav
c3lc020o /CDShare/REVERB_DATA/REVERB/REVERB_WSJCAM0_dt/data/cln_test/primary_microphone/si_dt/c3l/c3lc020o.wav
c3lc020r /CDShare/REVERB_DATA/REVERB/REVERB_WSJCAM0_dt/data/cln_test/primary_microphone/si_dt/c3l/c3lc020r.wav
c3lc020u /CDShare/REVERB_DATA/REVERB/REVERB_WSJCAM0_dt/data/cln_test/primary_microphone/si_dt/c3l/c3lc020u.wav
c3lc020y /CDShare/REVERB_DATA/REVERB/REVERB_WSJCAM0_dt/data/cln_test/primary_microphone/si_dt/c3l/c3lc020y.wav
c3lc0211 /CDShare/REVERB_DATA/REVERB/REVERB_WSJCAM0_dt/data/cln_test/primary_microphone/si_dt/c3l/c3lc0211.wav
c3pc0201 /CDShare/REVERB_DATA/REVERB/REVERB_WSJCAM0_dt/data/cln_test/primary_microphone/si_dt/c3p/c3pc0201.wav
c3pc0205 /CDShare/REVERB_DATA/REVERB/REVERB_WSJCAM0_dt/data/cln_test/primary_microphone/si_dt/c3p/c3pc0205.wav
c3pc0208 /CDShare/REVERB_DATA/REVERB/REVERB_WSJCAM0_dt/data/cln_test/primary_microphone/si_dt/c3p/c3pc0208.wav
c3pc020b /CDShare/REVERB_DATA/REVERB/REVERB_WSJCAM0_dt/data/cln_test/primary_microphone/si_dt/c3p/c3pc020b.wav
c3pc020e /CDShare/REVERB_DATA/REVERB/REVERB_WSJCAM0_dt/data/cln_test/primary_microphone/si_dt/c3p/c3pc020e.wav
c3pc020h /CDShare/REVERB_DATA/REVERB/REVERB_WSJCAM0_dt/data/cln_test/primary_microphone/si_dt/c3p/c3pc020h.wav
c3pc020l /CDShare/REVERB_DATA/REVERB/REVERB_WSJCAM0_dt/data/cln_test/primary_microphone/si_dt/c3p/c3pc020l.wav
c3pc020o /CDShare/REVERB_DATA/REVERB/REVERB_WSJCAM0_dt/data/cln_test/primary_microphone/si_dt/c3p/c3pc020o.wav
c3pc020r /CDShare/REVERB_DATA/REVERB/REVERB_WSJCAM0_dt/data/cln_test/primary_microphone/si_dt/c3p/c3pc020r.wav
c3pc020u /CDShare/REVERB_DATA/REVERB/REVERB_WSJCAM0_dt/data/cln_test/primary_microphone/si_dt/c3p/c3pc020u.wav
c3pc020x /CDShare/REVERB_DATA/REVERB/REVERB_WSJCAM0_dt/data/cln_test/primary_microphone/si_dt/c3p/c3pc020x.wav
c3pc0210 /CDShare/REVERB_DATA/REVERB/REVERB_WSJCAM0_dt/data/cln_test/primary_microphone/si_dt/c3p/c3pc0210.wav
c3sc0201 /CDShare/REVERB_DATA/REVERB/REVERB_WSJCAM0_dt/data/cln_test/primary_microphone/si_dt/c3s/c3sc0201.wav
c3sc0204 /CDShare/REVERB_DATA/REVERB/REVERB_WSJCAM0_dt/data/cln_test/primary_microphone/si_dt/c3s/c3sc0204.wav
c3sc0207 /CDShare/REVERB_DATA/REVERB/REVERB_WSJCAM0_dt/data/cln_test/primary_microphone/si_dt/c3s/c3sc0207.wav
c3sc020a /CDShare/REVERB_DATA/REVERB/REVERB_WSJCAM0_dt/data/cln_test/primary_microphone/si_dt/c3s/c3sc020a.wav
c3sc020d /CDShare/REVERB_DATA/REVERB/REVERB_WSJCAM0_dt/data/cln_test/primary_microphone/si_dt/c3s/c3sc020d.wav
c3sc020g /CDShare/REVERB_DATA/REVERB/REVERB_WSJCAM0_dt/data/cln_test/primary_microphone/si_dt/c3s/c3sc020g.wav
c3sc020j /CDShare/REVERB_DATA/REVERB/REVERB_WSJCAM0_dt/data/cln_test/primary_microphone/si_dt/c3s/c3sc020j.wav
c3sc020k /CDShare/REVERB_DATA/REVERB/REVERB_WSJCAM0_dt/data/cln_test/primary_microphone/si_dt/c3s/c3sc020k.wav
c3sc020n /CDShare/REVERB_DATA/REVERB/REVERB_WSJCAM0_dt/data/cln_test/primary_microphone/si_dt/c3s/c3sc020n.wav
c3sc020q /CDShare/REVERB_DATA/REVERB/REVERB_WSJCAM0_dt/data/cln_test/primary_microphone/si_dt/c3s/c3sc020q.wav
c3sc020t /CDShare/REVERB_DATA/REVERB/REVERB_WSJCAM0_dt/data/cln_test/primary_microphone/si_dt/c3s/c3sc020t.wav
c3sc020w /CDShare/REVERB_DATA/REVERB/REVERB_WSJCAM0_dt/data/cln_test/primary_microphone/si_dt/c3s/c3sc020w.wav
c3sc020z /CDShare/REVERB_DATA/REVERB/REVERB_WSJCAM0_dt/data/cln_test/primary_microphone/si_dt/c3s/c3sc020z.wav
c3tc0203 /CDShare/REVERB_DATA/REVERB/REVERB_WSJCAM0_dt/data/cln_test/primary_microphone/si_dt/c3t/c3tc0203.wav
c3tc0206 /CDShare/REVERB_DATA/REVERB/REVERB_WSJCAM0_dt/data/cln_test/primary_microphone/si_dt/c3t/c3tc0206.wav
c3tc0209 /CDShare/REVERB_DATA/REVERB/REVERB_WSJCAM0_dt/data/cln_test/primary_microphone/si_dt/c3t/c3tc0209.wav
c3tc020c /CDShare/REVERB_DATA/REVERB/REVERB_WSJCAM0_dt/data/cln_test/primary_microphone/si_dt/c3t/c3tc020c.wav
c3tc020f /CDShare/REVERB_DATA/REVERB/REVERB_WSJCAM0_dt/data/cln_test/primary_microphone/si_dt/c3t/c3tc020f.wav
c3tc020i /CDShare/REVERB_DATA/REVERB/REVERB_WSJCAM0_dt/data/cln_test/primary_microphone/si_dt/c3t/c3tc020i.wav
c3tc020k /CDShare/REVERB_DATA/REVERB/REVERB_WSJCAM0_dt/data/cln_test/primary_microphone/si_dt/c3t/c3tc020k.wav
c3tc020n /CDShare/REVERB_DATA/REVERB/REVERB_WSJCAM0_dt/data/cln_test/primary_microphone/si_dt/c3t/c3tc020n.wav
c3tc020q /CDShare/REVERB_DATA/REVERB/REVERB_WSJCAM0_dt/data/cln_test/primary_microphone/si_dt/c3t/c3tc020q.wav
c3tc020t /CDShare/REVERB_DATA/REVERB/REVERB_WSJCAM0_dt/data/cln_test/primary_microphone/si_dt/c3t/c3tc020t.wav
c3tc020w /CDShare/REVERB_DATA/REVERB/REVERB_WSJCAM0_dt/data/cln_test/primary_microphone/si_dt/c3t/c3tc020w.wav
c3tc020z /CDShare/REVERB_DATA/REVERB/REVERB_WSJCAM0_dt/data/cln_test/primary_microphone/si_dt/c3t/c3tc020z.wav
c3tc0212 /CDShare/REVERB_DATA/REVERB/REVERB_WSJCAM0_dt/data/cln_test/primary_microphone/si_dt/c3t/c3tc0212.wav
c3wc0202 /CDShare/REVERB_DATA/REVERB/REVERB_WSJCAM0_dt/data/cln_test/primary_microphone/si_dt/c3w/c3wc0202.wav
c3wc0205 /CDShare/REVERB_DATA/REVERB/REVERB_WSJCAM0_dt/data/cln_test/primary_microphone/si_dt/c3w/c3wc0205.wav
c3wc0208 /CDShare/REVERB_DATA/REVERB/REVERB_WSJCAM0_dt/data/cln_test/primary_microphone/si_dt/c3w/c3wc0208.wav
c3wc020b /CDShare/REVERB_DATA/REVERB/REVERB_WSJCAM0_dt/data/cln_test/primary_microphone/si_dt/c3w/c3wc020b.wav
c3wc020e /CDShare/REVERB_DATA/REVERB/REVERB_WSJCAM0_dt/data/cln_test/primary_microphone/si_dt/c3w/c3wc020e.wav
c3wc020h /CDShare/REVERB_DATA/REVERB/REVERB_WSJCAM0_dt/data/cln_test/primary_microphone/si_dt/c3w/c3wc020h.wav
c3wc020j /CDShare/REVERB_DATA/REVERB/REVERB_WSJCAM0_dt/data/cln_test/primary_microphone/si_dt/c3w/c3wc020j.wav
c3wc020o /CDShare/REVERB_DATA/REVERB/REVERB_WSJCAM0_dt/data/cln_test/primary_microphone/si_dt/c3w/c3wc020o.wav
c3wc020r /CDShare/REVERB_DATA/REVERB/REVERB_WSJCAM0_dt/data/cln_test/primary_microphone/si_dt/c3w/c3wc020r.wav
c3wc020u /CDShare/REVERB_DATA/REVERB/REVERB_WSJCAM0_dt/data/cln_test/primary_microphone/si_dt/c3w/c3wc020u.wav
c3wc020x /CDShare/REVERB_DATA/REVERB/REVERB_WSJCAM0_dt/data/cln_test/primary_microphone/si_dt/c3w/c3wc020x.wav
c3wc0210 /CDShare/REVERB_DATA/REVERB/REVERB_WSJCAM0_dt/data/cln_test/primary_microphone/si_dt/c3w/c3wc0210.wav
c3zc0203 /CDShare/REVERB_DATA/REVERB/REVERB_WSJCAM0_dt/data/cln_test/primary_microphone/si_dt/c3z/c3zc0203.wav
c3zc0206 /CDShare/REVERB_DATA/REVERB/REVERB_WSJCAM0_dt/data/cln_test/primary_microphone/si_dt/c3z/c3zc0206.wav
c3zc020a /CDShare/REVERB_DATA/REVERB/REVERB_WSJCAM0_dt/data/cln_test/primary_microphone/si_dt/c3z/c3zc020a.wav
c3zc020d /CDShare/REVERB_DATA/REVERB/REVERB_WSJCAM0_dt/data/cln_test/primary_microphone/si_dt/c3z/c3zc020d.wav
c3zc020g /CDShare/REVERB_DATA/REVERB/REVERB_WSJCAM0_dt/data/cln_test/primary_microphone/si_dt/c3z/c3zc020g.wav
c3zc020j /CDShare/REVERB_DATA/REVERB/REVERB_WSJCAM0_dt/data/cln_test/primary_microphone/si_dt/c3z/c3zc020j.wav
c3zc020m /CDShare/REVERB_DATA/REVERB/REVERB_WSJCAM0_dt/data/cln_test/primary_microphone/si_dt/c3z/c3zc020m.wav
c3zc020p /CDShare/REVERB_DATA/REVERB/REVERB_WSJCAM0_dt/data/cln_test/primary_microphone/si_dt/c3z/c3zc020p.wav
c3zc020s /CDShare/REVERB_DATA/REVERB/REVERB_WSJCAM0_dt/data/cln_test/primary_microphone/si_dt/c3z/c3zc020s.wav
c3zc020v /CDShare/REVERB_DATA/REVERB/REVERB_WSJCAM0_dt/data/cln_test/primary_microphone/si_dt/c3z/c3zc020v.wav
c3zc020y /CDShare/REVERB_DATA/REVERB/REVERB_WSJCAM0_dt/data/cln_test/primary_microphone/si_dt/c3z/c3zc020y.wav
c3zc0211 /CDShare/REVERB_DATA/REVERB/REVERB_WSJCAM0_dt/data/cln_test/primary_microphone/si_dt/c3z/c3zc0211.wav
c40c0202 /CDShare/REVERB_DATA/REVERB/REVERB_WSJCAM0_dt/data/cln_test/primary_microphone/si_dt/c40/c40c0202.wav
c40c0205 /CDShare/REVERB_DATA/REVERB/REVERB_WSJCAM0_dt/data/cln_test/primary_microphone/si_dt/c40/c40c0205.wav
c40c0208 /CDShare/REVERB_DATA/REVERB/REVERB_WSJCAM0_dt/data/cln_test/primary_microphone/si_dt/c40/c40c0208.wav
c40c020b /CDShare/REVERB_DATA/REVERB/REVERB_WSJCAM0_dt/data/cln_test/primary_microphone/si_dt/c40/c40c020b.wav
c40c020e /CDShare/REVERB_DATA/REVERB/REVERB_WSJCAM0_dt/data/cln_test/primary_microphone/si_dt/c40/c40c020e.wav
c40c020h /CDShare/REVERB_DATA/REVERB/REVERB_WSJCAM0_dt/data/cln_test/primary_microphone/si_dt/c40/c40c020h.wav
c40c020k /CDShare/REVERB_DATA/REVERB/REVERB_WSJCAM0_dt/data/cln_test/primary_microphone/si_dt/c40/c40c020k.wav
c40c020n /CDShare/REVERB_DATA/REVERB/REVERB_WSJCAM0_dt/data/cln_test/primary_microphone/si_dt/c40/c40c020n.wav
c40c020q /CDShare/REVERB_DATA/REVERB/REVERB_WSJCAM0_dt/data/cln_test/primary_microphone/si_dt/c40/c40c020q.wav
c40c020t /CDShare/REVERB_DATA/REVERB/REVERB_WSJCAM0_dt/data/cln_test/primary_microphone/si_dt/c40/c40c020t.wav
c40c020w /CDShare/REVERB_DATA/REVERB/REVERB_WSJCAM0_dt/data/cln_test/primary_microphone/si_dt/c40/c40c020w.wav
c40c020z /CDShare/REVERB_DATA/REVERB/REVERB_WSJCAM0_dt/data/cln_test/primary_microphone/si_dt/c40/c40c020z.wav
c40c0212 /CDShare/REVERB_DATA/REVERB/REVERB_WSJCAM0_dt/data/cln_test/primary_microphone/si_dt/c40/c40c0212.wav
c41c0201 /CDShare/REVERB_DATA/REVERB/REVERB_WSJCAM0_dt/data/cln_test/primary_microphone/si_dt/c41/c41c0201.wav
c41c0204 /CDShare/REVERB_DATA/REVERB/REVERB_WSJCAM0_dt/data/cln_test/primary_microphone/si_dt/c41/c41c0204.wav
c41c0207 /CDShare/REVERB_DATA/REVERB/REVERB_WSJCAM0_dt/data/cln_test/primary_microphone/si_dt/c41/c41c0207.wav
c41c020a /CDShare/REVERB_DATA/REVERB/REVERB_WSJCAM0_dt/data/cln_test/primary_microphone/si_dt/c41/c41c020a.wav
c41c020d /CDShare/REVERB_DATA/REVERB/REVERB_WSJCAM0_dt/data/cln_test/primary_microphone/si_dt/c41/c41c020d.wav
c41c020g /CDShare/REVERB_DATA/REVERB/REVERB_WSJCAM0_dt/data/cln_test/primary_microphone/si_dt/c41/c41c020g.wav
c41c020j /CDShare/REVERB_DATA/REVERB/REVERB_WSJCAM0_dt/data/cln_test/primary_microphone/si_dt/c41/c41c020j.wav
c41c020l /CDShare/REVERB_DATA/REVERB/REVERB_WSJCAM0_dt/data/cln_test/primary_microphone/si_dt/c41/c41c020l.wav
c41c020o /CDShare/REVERB_DATA/REVERB/REVERB_WSJCAM0_dt/data/cln_test/primary_microphone/si_dt/c41/c41c020o.wav
c41c020r /CDShare/REVERB_DATA/REVERB/REVERB_WSJCAM0_dt/data/cln_test/primary_microphone/si_dt/c41/c41c020r.wav
c41c020u /CDShare/REVERB_DATA/REVERB/REVERB_WSJCAM0_dt/data/cln_test/primary_microphone/si_dt/c41/c41c020u.wav
c41c020x /CDShare/REVERB_DATA/REVERB/REVERB_WSJCAM0_dt/data/cln_test/primary_microphone/si_dt/c41/c41c020x.wav
c41c0210 /CDShare/REVERB_DATA/REVERB/REVERB_WSJCAM0_dt/data/cln_test/primary_microphone/si_dt/c41/c41c0210.wav
c41c0213 /CDShare/REVERB_DATA/REVERB/REVERB_WSJCAM0_dt/data/cln_test/primary_microphone/si_dt/c41/c41c0213.wav
c42c0203 /CDShare/REVERB_DATA/REVERB/REVERB_WSJCAM0_dt/data/cln_test/primary_microphone/si_dt/c42/c42c0203.wav
c42c0206 /CDShare/REVERB_DATA/REVERB/REVERB_WSJCAM0_dt/data/cln_test/primary_microphone/si_dt/c42/c42c0206.wav
c42c0209 /CDShare/REVERB_DATA/REVERB/REVERB_WSJCAM0_dt/data/cln_test/primary_microphone/si_dt/c42/c42c0209.wav
c42c020c /CDShare/REVERB_DATA/REVERB/REVERB_WSJCAM0_dt/data/cln_test/primary_microphone/si_dt/c42/c42c020c.wav
c42c020f /CDShare/REVERB_DATA/REVERB/REVERB_WSJCAM0_dt/data/cln_test/primary_microphone/si_dt/c42/c42c020f.wav
c42c020i /CDShare/REVERB_DATA/REVERB/REVERB_WSJCAM0_dt/data/cln_test/primary_microphone/si_dt/c42/c42c020i.wav
c42c020m /CDShare/REVERB_DATA/REVERB/REVERB_WSJCAM0_dt/data/cln_test/primary_microphone/si_dt/c42/c42c020m.wav
c42c020p /CDShare/REVERB_DATA/REVERB/REVERB_WSJCAM0_dt/data/cln_test/primary_microphone/si_dt/c42/c42c020p.wav
c42c020s /CDShare/REVERB_DATA/REVERB/REVERB_WSJCAM0_dt/data/cln_test/primary_microphone/si_dt/c42/c42c020s.wav
c42c020v /CDShare/REVERB_DATA/REVERB/REVERB_WSJCAM0_dt/data/cln_test/primary_microphone/si_dt/c42/c42c020v.wav
c42c020z /CDShare/REVERB_DATA/REVERB/REVERB_WSJCAM0_dt/data/cln_test/primary_microphone/si_dt/c42/c42c020z.wav
c42c0212 /CDShare/REVERB_DATA/REVERB/REVERB_WSJCAM0_dt/data/cln_test/primary_microphone/si_dt/c42/c42c0212.wav
c45c0202 /CDShare/REVERB_DATA/REVERB/REVERB_WSJCAM0_dt/data/cln_test/primary_microphone/si_dt/c45/c45c0202.wav
c45c0205 /CDShare/REVERB_DATA/REVERB/REVERB_WSJCAM0_dt/data/cln_test/primary_microphone/si_dt/c45/c45c0205.wav
c45c0208 /CDShare/REVERB_DATA/REVERB/REVERB_WSJCAM0_dt/data/cln_test/primary_microphone/si_dt/c45/c45c0208.wav
c45c020b /CDShare/REVERB_DATA/REVERB/REVERB_WSJCAM0_dt/data/cln_test/primary_microphone/si_dt/c45/c45c020b.wav
c45c020e /CDShare/REVERB_DATA/REVERB/REVERB_WSJCAM0_dt/data/cln_test/primary_microphone/si_dt/c45/c45c020e.wav
c45c020h /CDShare/REVERB_DATA/REVERB/REVERB_WSJCAM0_dt/data/cln_test/primary_microphone/si_dt/c45/c45c020h.wav
c45c020l /CDShare/REVERB_DATA/REVERB/REVERB_WSJCAM0_dt/data/cln_test/primary_microphone/si_dt/c45/c45c020l.wav
c45c020o /CDShare/REVERB_DATA/REVERB/REVERB_WSJCAM0_dt/data/cln_test/primary_microphone/si_dt/c45/c45c020o.wav
c45c020r /CDShare/REVERB_DATA/REVERB/REVERB_WSJCAM0_dt/data/cln_test/primary_microphone/si_dt/c45/c45c020r.wav
c45c020u /CDShare/REVERB_DATA/REVERB/REVERB_WSJCAM0_dt/data/cln_test/primary_microphone/si_dt/c45/c45c020u.wav
c45c020x /CDShare/REVERB_DATA/REVERB/REVERB_WSJCAM0_dt/data/cln_test/primary_microphone/si_dt/c45/c45c020x.wav
c45c0210 /CDShare/REVERB_DATA/REVERB/REVERB_WSJCAM0_dt/data/cln_test/primary_microphone/si_dt/c45/c45c0210.wav
c45c0213 /CDShare/REVERB_DATA/REVERB/REVERB_WSJCAM0_dt/data/cln_test/primary_microphone/si_dt/c45/c45c0213.wav
c49c0201 /CDShare/REVERB_DATA/REVERB/REVERB_WSJCAM0_dt/data/cln_test/primary_microphone/si_dt/c49/c49c0201.wav
c49c0205 /CDShare/REVERB_DATA/REVERB/REVERB_WSJCAM0_dt/data/cln_test/primary_microphone/si_dt/c49/c49c0205.wav
c49c0208 /CDShare/REVERB_DATA/REVERB/REVERB_WSJCAM0_dt/data/cln_test/primary_microphone/si_dt/c49/c49c0208.wav
c49c020b /CDShare/REVERB_DATA/REVERB/REVERB_WSJCAM0_dt/data/cln_test/primary_microphone/si_dt/c49/c49c020b.wav
c49c020e /CDShare/REVERB_DATA/REVERB/REVERB_WSJCAM0_dt/data/cln_test/primary_microphone/si_dt/c49/c49c020e.wav
c49c020h /CDShare/REVERB_DATA/REVERB/REVERB_WSJCAM0_dt/data/cln_test/primary_microphone/si_dt/c49/c49c020h.wav
c49c020l /CDShare/REVERB_DATA/REVERB/REVERB_WSJCAM0_dt/data/cln_test/primary_microphone/si_dt/c49/c49c020l.wav
c49c020o /CDShare/REVERB_DATA/REVERB/REVERB_WSJCAM0_dt/data/cln_test/primary_microphone/si_dt/c49/c49c020o.wav
c49c020r /CDShare/REVERB_DATA/REVERB/REVERB_WSJCAM0_dt/data/cln_test/primary_microphone/si_dt/c49/c49c020r.wav
c49c020u /CDShare/REVERB_DATA/REVERB/REVERB_WSJCAM0_dt/data/cln_test/primary_microphone/si_dt/c49/c49c020u.wav
c49c020y /CDShare/REVERB_DATA/REVERB/REVERB_WSJCAM0_dt/data/cln_test/primary_microphone/si_dt/c49/c49c020y.wav
c49c0211 /CDShare/REVERB_DATA/REVERB/REVERB_WSJCAM0_dt/data/cln_test/primary_microphone/si_dt/c49/c49c0211.wav
