c31c0201 /CDShare/REVERB_DATA/REVERB/REVERB_WSJCAM0_dt/data/near_test/primary_microphone/si_dt/c31/c31c0201_ch1.wav
c31c0204 /CDShare/REVERB_DATA/REVERB/REVERB_WSJCAM0_dt/data/near_test/primary_microphone/si_dt/c31/c31c0204_ch1.wav
c31c0208 /CDShare/REVERB_DATA/REVERB/REVERB_WSJCAM0_dt/data/near_test/primary_microphone/si_dt/c31/c31c0208_ch1.wav
c31c020b /CDShare/REVERB_DATA/REVERB/REVERB_WSJCAM0_dt/data/near_test/primary_microphone/si_dt/c31/c31c020b_ch1.wav
c31c020e /CDShare/REVERB_DATA/REVERB/REVERB_WSJCAM0_dt/data/near_test/primary_microphone/si_dt/c31/c31c020e_ch1.wav
c31c020h /CDShare/REVERB_DATA/REVERB/REVERB_WSJCAM0_dt/data/near_test/primary_microphone/si_dt/c31/c31c020h_ch1.wav
c31c020m /CDShare/REVERB_DATA/REVERB/REVERB_WSJCAM0_dt/data/near_test/primary_microphone/si_dt/c31/c31c020m_ch1.wav
c31c020p /CDShare/REVERB_DATA/REVERB/REVERB_WSJCAM0_dt/data/near_test/primary_microphone/si_dt/c31/c31c020p_ch1.wav
c31c020s /CDShare/REVERB_DATA/REVERB/REVERB_WSJCAM0_dt/data/near_test/primary_microphone/si_dt/c31/c31c020s_ch1.wav
c31c020v /CDShare/REVERB_DATA/REVERB/REVERB_WSJCAM0_dt/data/near_test/primary_microphone/si_dt/c31/c31c020v_ch1.wav
c31c020y /CDShare/REVERB_DATA/REVERB/REVERB_WSJCAM0_dt/data/near_test/primary_microphone/si_dt/c31/c31c020y_ch1.wav
c31c0211 /CDShare/REVERB_DATA/REVERB/REVERB_WSJCAM0_dt/data/near_test/primary_microphone/si_dt/c31/c31c0211_ch1.wav
c34c0201 /CDShare/REVERB_DATA/REVERB/REVERB_WSJCAM0_dt/data/near_test/primary_microphone/si_dt/c34/c34c0201_ch1.wav
c34c0204 /CDShare/REVERB_DATA/REVERB/REVERB_WSJCAM0_dt/data/near_test/primary_microphone/si_dt/c34/c34c0204_ch1.wav
c34c0207 /CDShare/REVERB_DATA/REVERB/REVERB_WSJCAM0_dt/data/near_test/primary_microphone/si_dt/c34/c34c0207_ch1.wav
c34c020a /CDShare/REVERB_DATA/REVERB/REVERB_WSJCAM0_dt/data/near_test/primary_microphone/si_dt/c34/c34c020a_ch1.wav
c34c020d /CDShare/REVERB_DATA/REVERB/REVERB_WSJCAM0_dt/data/near_test/primary_microphone/si_dt/c34/c34c020d_ch1.wav
c34c020g /CDShare/REVERB_DATA/REVERB/REVERB_WSJCAM0_dt/data/near_test/primary_microphone/si_dt/c34/c34c020g_ch1.wav
c34c020j /CDShare/REVERB_DATA/REVERB/REVERB_WSJCAM0_dt/data/near_test/primary_microphone/si_dt/c34/c34c020j_ch1.wav
c34c020n /CDShare/REVERB_DATA/REVERB/REVERB_WSJCAM0_dt/data/near_test/primary_microphone/si_dt/c34/c34c020n_ch1.wav
c34c020q /CDShare/REVERB_DATA/REVERB/REVERB_WSJCAM0_dt/data/near_test/primary_microphone/si_dt/c34/c34c020q_ch1.wav
c34c020t /CDShare/REVERB_DATA/REVERB/REVERB_WSJCAM0_dt/data/near_test/primary_microphone/si_dt/c34/c34c020t_ch1.wav
c34c020w /CDShare/REVERB_DATA/REVERB/REVERB_WSJCAM0_dt/data/near_test/primary_microphone/si_dt/c34/c34c020w_ch1.wav
c34c020z /CDShare/REVERB_DATA/REVERB/REVERB_WSJCAM0_dt/data/near_test/primary_microphone/si_dt/c34/c34c020z_ch1.wav
c34c0212 /CDShare/REVERB_DATA/REVERB/REVERB_WSJCAM0_dt/data/near_test/primary_microphone/si_dt/c34/c34c0212_ch1.wav
c35c0202 /CDShare/REVERB_DATA/REVERB/REVERB_WSJCAM0_dt/data/near_test/primary_microphone/si_dt/c35/c35c0202_ch1.wav
c35c0205 /CDShare/REVERB_DATA/REVERB/REVERB_WSJCAM0_dt/data/near_test/primary_microphone/si_dt/c35/c35c0205_ch1.wav
c35c0208 /CDShare/REVERB_DATA/REVERB/REVERB_WSJCAM0_dt/data/near_test/primary_microphone/si_dt/c35/c35c0208_ch1.wav
c35c020b /CDShare/REVERB_DATA/REVERB/REVERB_WSJCAM0_dt/data/near_test/primary_microphone/si_dt/c35/c35c020b_ch1.wav
c35c020e /CDShare/REVERB_DATA/REVERB/REVERB_WSJCAM0_dt/data/near_test/primary_microphone/si_dt/c35/c35c020e_ch1.wav
c35c020h /CDShare/REVERB_DATA/REVERB/REVERB_WSJCAM0_dt/data/near_test/primary_microphone/si_dt/c35/c35c020h_ch1.wav
c35c020m /CDShare/REVERB_DATA/REVERB/REVERB_WSJCAM0_dt/data/near_test/primary_microphone/si_dt/c35/c35c020m_ch1.wav
c35c020p /CDShare/REVERB_DATA/REVERB/REVERB_WSJCAM0_dt/data/near_test/primary_microphone/si_dt/c35/c35c020p_ch1.wav
c35c020s /CDShare/REVERB_DATA/REVERB/REVERB_WSJCAM0_dt/data/near_test/primary_microphone/si_dt/c35/c35c020s_ch1.wav
c35c020v /CDShare/REVERB_DATA/REVERB/REVERB_WSJCAM0_dt/data/near_test/primary_microphone/si_dt/c35/c35c020v_ch1.wav
c35c020y /CDShare/REVERB_DATA/REVERB/REVERB_WSJCAM0_dt/data/near_test/primary_microphone/si_dt/c35/c35c020y_ch1.wav
c35c0211 /CDShare/REVERB_DATA/REVERB/REVERB_WSJCAM0_dt/data/near_test/primary_microphone/si_dt/c35/c35c0211_ch1.wav
c38c0201 /CDShare/REVERB_DATA/REVERB/REVERB_WSJCAM0_dt/data/near_test/primary_microphone/si_dt/c38/c38c0201_ch1.wav
c38c0204 /CDShare/REVERB_DATA/REVERB/REVERB_WSJCAM0_dt/data/near_test/primary_microphone/si_dt/c38/c38c0204_ch1.wav
c38c0207 /CDShare/REVERB_DATA/REVERB/REVERB_WSJCAM0_dt/data/near_test/primary_microphone/si_dt/c38/c38c0207_ch1.wav
c38c020b /CDShare/REVERB_DATA/REVERB/REVERB_WSJCAM0_dt/data/near_test/primary_microphone/si_dt/c38/c38c020b_ch1.wav
c38c020e /CDShare/REVERB_DATA/REVERB/REVERB_WSJCAM0_dt/data/near_test/primary_microphone/si_dt/c38/c38c020e_ch1.wav
c38c020h /CDShare/REVERB_DATA/REVERB/REVERB_WSJCAM0_dt/data/near_test/primary_microphone/si_dt/c38/c38c020h_ch1.wav
c38c020k /CDShare/REVERB_DATA/REVERB/REVERB_WSJCAM0_dt/data/near_test/primary_microphone/si_dt/c38/c38c020k_ch1.wav
c38c020n /CDShare/REVERB_DATA/REVERB/REVERB_WSJCAM0_dt/data/near_test/primary_microphone/si_dt/c38/c38c020n_ch1.wav
c38c020s /CDShare/REVERB_DATA/REVERB/REVERB_WSJCAM0_dt/data/near_test/primary_microphone/si_dt/c38/c38c020s_ch1.wav
c38c020v /CDShare/REVERB_DATA/REVERB/REVERB_WSJCAM0_dt/data/near_test/primary_microphone/si_dt/c38/c38c020v_ch1.wav
c38c020y /CDShare/REVERB_DATA/REVERB/REVERB_WSJCAM0_dt/data/near_test/primary_microphone/si_dt/c38/c38c020y_ch1.wav
c38c0211 /CDShare/REVERB_DATA/REVERB/REVERB_WSJCAM0_dt/data/near_test/primary_microphone/si_dt/c38/c38c0211_ch1.wav
c3cc0201 /CDShare/REVERB_DATA/REVERB/REVERB_WSJCAM0_dt/data/near_test/primary_microphone/si_dt/c3c/c3cc0201_ch1.wav
c3cc0204 /CDShare/REVERB_DATA/REVERB/REVERB_WSJCAM0_dt/data/near_test/primary_microphone/si_dt/c3c/c3cc0204_ch1.wav
c3cc0207 /CDShare/REVERB_DATA/REVERB/REVERB_WSJCAM0_dt/data/near_test/primary_microphone/si_dt/c3c/c3cc0207_ch1.wav
c3cc020a /CDShare/REVERB_DATA/REVERB/REVERB_WSJCAM0_dt/data/near_test/primary_microphone/si_dt/c3c/c3cc020a_ch1.wav
c3cc020d /CDShare/REVERB_DATA/REVERB/REVERB_WSJCAM0_dt/data/near_test/primary_microphone/si_dt/c3c/c3cc020d_ch1.wav
c3cc020g /CDShare/REVERB_DATA/REVERB/REVERB_WSJCAM0_dt/data/near_test/primary_microphone/si_dt/c3c/c3cc020g_ch1.wav
c3cc020j /CDShare/REVERB_DATA/REVERB/REVERB_WSJCAM0_dt/data/near_test/primary_microphone/si_dt/c3c/c3cc020j_ch1.wav
c3cc020k /CDShare/REVERB_DATA/REVERB/REVERB_WSJCAM0_dt/data/near_test/primary_microphone/si_dt/c3c/c3cc020k_ch1.wav
c3cc020n /CDShare/REVERB_DATA/REVERB/REVERB_WSJCAM0_dt/data/near_test/primary_microphone/si_dt/c3c/c3cc020n_ch1.wav
c3cc020q /CDShare/REVERB_DATA/REVERB/REVERB_WSJCAM0_dt/data/near_test/primary_microphone/si_dt/c3c/c3cc020q_ch1.wav
c3cc020u /CDShare/REVERB_DATA/REVERB/REVERB_WSJCAM0_dt/data/near_test/primary_microphone/si_dt/c3c/c3cc020u_ch1.wav
c3cc020x /CDShare/REVERB_DATA/REVERB/REVERB_WSJCAM0_dt/data/near_test/primary_microphone/si_dt/c3c/c3cc020x_ch1.wav
c3cc0210 /CDShare/REVERB_DATA/REVERB/REVERB_WSJCAM0_dt/data/near_test/primary_microphone/si_dt/c3c/c3cc0210_ch1.wav
c3cc0213 /CDShare/REVERB_DATA/REVERB/REVERB_WSJCAM0_dt/data/near_test/primary_microphone/si_dt/c3c/c3cc0213_ch1.wav
c3dc0203 /CDShare/REVERB_DATA/REVERB/REVERB_WSJCAM0_dt/data/near_test/primary_microphone/si_dt/c3d/c3dc0203_ch1.wav
c3dc0206 /CDShare/REVERB_DATA/REVERB/REVERB_WSJCAM0_dt/data/near_test/primary_microphone/si_dt/c3d/c3dc0206_ch1.wav
c3dc0209 /CDShare/REVERB_DATA/REVERB/REVERB_WSJCAM0_dt/data/near_test/primary_microphone/si_dt/c3d/c3dc0209_ch1.wav
c3dc020c /CDShare/REVERB_DATA/REVERB/REVERB_WSJCAM0_dt/data/near_test/primary_microphone/si_dt/c3d/c3dc020c_ch1.wav
c3dc020f /CDShare/REVERB_DATA/REVERB/REVERB_WSJCAM0_dt/data/near_test/primary_microphone/si_dt/c3d/c3dc020f_ch1.wav
c3dc020i /CDShare/REVERB_DATA/REVERB/REVERB_WSJCAM0_dt/data/near_test/primary_microphone/si_dt/c3d/c3dc020i_ch1.wav
c3dc020m /CDShare/REVERB_DATA/REVERB/REVERB_WSJCAM0_dt/data/near_test/primary_microphone/si_dt/c3d/c3dc020m_ch1.wav
c3dc020p /CDShare/REVERB_DATA/REVERB/REVERB_WSJCAM0_dt/data/near_test/primary_microphone/si_dt/c3d/c3dc020p_ch1.wav
c3dc020s /CDShare/REVERB_DATA/REVERB/REVERB_WSJCAM0_dt/data/near_test/primary_microphone/si_dt/c3d/c3dc020s_ch1.wav
c3dc020v /CDShare/REVERB_DATA/REVERB/REVERB_WSJCAM0_dt/data/near_test/primary_microphone/si_dt/c3d/c3dc020v_ch1.wav
c3dc020y /CDShare/REVERB_DATA/REVERB/REVERB_WSJCAM0_dt/data/near_test/primary_microphone/si_dt/c3d/c3dc020y_ch1.wav
c3dc0211 /CDShare/REVERB_DATA/REVERB/REVERB_WSJCAM0_dt/data/near_test/primary_microphone/si_dt/c3d/c3dc0211_ch1.wav
c3dc0214 /CDShare/REVERB_DATA/REVERB/REVERB_WSJCAM0_dt/data/near_test/primary_microphone/si_dt/c3d/c3dc0214_ch1.wav
c3fc0201 /CDShare/REVERB_DATA/REVERB/REVERB_WSJCAM0_dt/data/near_test/primary_microphone/si_dt/c3f/c3fc0201_ch1.wav
c3fc0204 /CDShare/REVERB_DATA/REVERB/REVERB_WSJCAM0_dt/data/near_test/primary_microphone/si_dt/c3f/c3fc0204_ch1.wav
c3fc0207 /CDShare/REVERB_DATA/REVERB/REVERB_WSJCAM0_dt/data/near_test/primary_microphone/si_dt/c3f/c3fc0207_ch1.wav
c3fc020a /CDShare/REVERB_DATA/REVERB/REVERB_WSJCAM0_dt/data/near_test/primary_microphone/si_dt/c3f/c3fc020a_ch1.wav
c3fc020d /CDShare/REVERB_DATA/REVERB/REVERB_WSJCAM0_dt/data/near_test/primary_microphone/si_dt/c3f/c3fc020d_ch1.wav
c3fc020g /CDShare/REVERB_DATA/REVERB/REVERB_WSJCAM0_dt/data/near_test/primary_microphone/si_dt/c3f/c3fc020g_ch1.wav
c3fc020l /CDShare/REVERB_DATA/REVERB/REVERB_WSJCAM0_dt/data/near_test/primary_microphone/si_dt/c3f/c3fc020l_ch1.wav
c3fc020p /CDShare/REVERB_DATA/REVERB/REVERB_WSJCAM0_dt/data/near_test/primary_microphone/si_dt/c3f/c3fc020p_ch1.wav
c3fc020s /CDShare/REVERB_DATA/REVERB/REVERB_WSJCAM0_dt/data/near_test/primary_microphone/si_dt/c3f/c3fc020s_ch1.wav
c3fc020v /CDShare/REVERB_DATA/REVERB/REVERB_WSJCAM0_dt/data/near_test/primary_microphone/si_dt/c3f/c3fc020v_ch1.wav
c3fc0210 /CDShare/REVERB_DATA/REVERB/REVERB_WSJCAM0_dt/data/near_test/primary_microphone/si_dt/c3f/c3fc0210_ch1.wav
c3jc0202 /CDShare/REVERB_DATA/REVERB/REVERB_WSJCAM0_dt/data/near_test/primary_microphone/si_dt/c3j/c3jc0202_ch1.wav
c3jc0205 /CDShare/REVERB_DATA/REVERB/REVERB_WSJCAM0_dt/data/near_test/primary_microphone/si_dt/c3j/c3jc0205_ch1.wav
c3jc0208 /CDShare/REVERB_DATA/REVERB/REVERB_WSJCAM0_dt/data/near_test/primary_microphone/si_dt/c3j/c3jc0208_ch1.wav
c3jc020b /CDShare/REVERB_DATA/REVERB/REVERB_WSJCAM0_dt/data/near_test/primary_microphone/si_dt/c3j/c3jc020b_ch1.wav
c3jc020e /CDShare/REVERB_DATA/REVERB/REVERB_WSJCAM0_dt/data/near_test/primary_microphone/si_dt/c3j/c3jc020e_ch1.wav
c3jc020h /CDShare/REVERB_DATA/REVERB/REVERB_WSJCAM0_dt/data/near_test/primary_microphone/si_dt/c3j/c3jc020h_ch1.wav
c3jc020k /CDShare/REVERB_DATA/REVERB/REVERB_WSJCAM0_dt/data/near_test/primary_microphone/si_dt/c3j/c3jc020k_ch1.wav
c3jc020o /CDShare/REVERB_DATA/REVERB/REVERB_WSJCAM0_dt/data/near_test/primary_microphone/si_dt/c3j/c3jc020o_ch1.wav
c3jc020r /CDShare/REVERB_DATA/REVERB/REVERB_WSJCAM0_dt/data/near_test/primary_microphone/si_dt/c3j/c3jc020r_ch1.wav
c3jc020u /CDShare/REVERB_DATA/REVERB/REVERB_WSJCAM0_dt/data/near_test/primary_microphone/si_dt/c3j/c3jc020u_ch1.wav
c3jc020x /CDShare/REVERB_DATA/REVERB/REVERB_WSJCAM0_dt/data/near_test/primary_microphone/si_dt/c3j/c3jc020x_ch1.wav
c3jc0210 /CDShare/REVERB_DATA/REVERB/REVERB_WSJCAM0_dt/data/near_test/primary_microphone/si_dt/c3j/c3jc0210_ch1.wav
c3jc0213 /CDShare/REVERB_DATA/REVERB/REVERB_WSJCAM0_dt/data/near_test/primary_microphone/si_dt/c3j/c3jc0213_ch1.wav
c3kc0201 /CDShare/REVERB_DATA/REVERB/REVERB_WSJCAM0_dt/data/near_test/primary_microphone/si_dt/c3k/c3kc0201_ch1.wav
c3kc0204 /CDShare/REVERB_DATA/REVERB/REVERB_WSJCAM0_dt/data/near_test/primary_microphone/si_dt/c3k/c3kc0204_ch1.wav
c3kc0207 /CDShare/REVERB_DATA/REVERB/REVERB_WSJCAM0_dt/data/near_test/primary_microphone/si_dt/c3k/c3kc0207_ch1.wav
c3kc020b /CDShare/REVERB_DATA/REVERB/REVERB_WSJCAM0_dt/data/near_test/primary_microphone/si_dt/c3k/c3kc020b_ch1.wav
c3kc020g /CDShare/REVERB_DATA/REVERB/REVERB_WSJCAM0_dt/data/near_test/primary_microphone/si_dt/c3k/c3kc020g_ch1.wav
c3kc020j /CDShare/REVERB_DATA/REVERB/REVERB_WSJCAM0_dt/data/near_test/primary_microphone/si_dt/c3k/c3kc020j_ch1.wav
c3kc020n /CDShare/REVERB_DATA/REVERB/REVERB_WSJCAM0_dt/data/near_test/primary_microphone/si_dt/c3k/c3kc020n_ch1.wav
c3kc020t /CDShare/REVERB_DATA/REVERB/REVERB_WSJCAM0_dt/data/near_test/primary_microphone/si_dt/c3k/c3kc020t_ch1.wav
c3kc020x /CDShare/REVERB_DATA/REVERB/REVERB_WSJCAM0_dt/data/near_test/primary_microphone/si_dt/c3k/c3kc020x_ch1.wav
c3kc0211 /CDShare/REVERB_DATA/REVERB/REVERB_WSJCAM0_dt/data/near_test/primary_microphone/si_dt/c3k/c3kc0211_ch1.wav
c3kc0214 /CDShare/REVERB_DATA/REVERB/REVERB_WSJCAM0_dt/data/near_test/primary_microphone/si_dt/c3k/c3kc0214_ch1.wav
c3lc0203 /CDShare/REVERB_DATA/REVERB/REVERB_WSJCAM0_dt/data/near_test/primary_microphone/si_dt/c3l/c3lc0203_ch1.wav
c3lc0206 /CDShare/REVERB_DATA/REVERB/REVERB_WSJCAM0_dt/data/near_test/primary_microphone/si_dt/c3l/c3lc0206_ch1.wav
c3lc0209 /CDShare/REVERB_DATA/REVERB/REVERB_WSJCAM0_dt/data/near_test/primary_microphone/si_dt/c3l/c3lc0209_ch1.wav
c3lc020c /CDShare/REVERB_DATA/REVERB/REVERB_WSJCAM0_dt/data/near_test/primary_microphone/si_dt/c3l/c3lc020c_ch1.wav
c3lc020h /CDShare/REVERB_DATA/REVERB/REVERB_WSJCAM0_dt/data/near_test/primary_microphone/si_dt/c3l/c3lc020h_ch1.wav
c3lc020l /CDShare/REVERB_DATA/REVERB/REVERB_WSJCAM0_dt/data/near_test/primary_microphone/si_dt/c3l/c3lc020l_ch1.wav
c3lc020o /CDShare/REVERB_DATA/REVERB/REVERB_WSJCAM0_dt/data/near_test/primary_microphone/si_dt/c3l/c3lc020o_ch1.wav
c3lc020r /CDShare/REVERB_DATA/REVERB/REVERB_WSJCAM0_dt/data/near_test/primary_microphone/si_dt/c3l/c3lc020r_ch1.wav
c3lc020u /CDShare/REVERB_DATA/REVERB/REVERB_WSJCAM0_dt/data/near_test/primary_microphone/si_dt/c3l/c3lc020u_ch1.wav
c3lc020y /CDShare/REVERB_DATA/REVERB/REVERB_WSJCAM0_dt/data/near_test/primary_microphone/si_dt/c3l/c3lc020y_ch1.wav
c3lc0211 /CDShare/REVERB_DATA/REVERB/REVERB_WSJCAM0_dt/data/near_test/primary_microphone/si_dt/c3l/c3lc0211_ch1.wav
c3pc0201 /CDShare/REVERB_DATA/REVERB/REVERB_WSJCAM0_dt/data/near_test/primary_microphone/si_dt/c3p/c3pc0201_ch1.wav
c3pc0205 /CDShare/REVERB_DATA/REVERB/REVERB_WSJCAM0_dt/data/near_test/primary_microphone/si_dt/c3p/c3pc0205_ch1.wav
c3pc0208 /CDShare/REVERB_DATA/REVERB/REVERB_WSJCAM0_dt/data/near_test/primary_microphone/si_dt/c3p/c3pc0208_ch1.wav
c3pc020b /CDShare/REVERB_DATA/REVERB/REVERB_WSJCAM0_dt/data/near_test/primary_microphone/si_dt/c3p/c3pc020b_ch1.wav
c3pc020e /CDShare/REVERB_DATA/REVERB/REVERB_WSJCAM0_dt/data/near_test/primary_microphone/si_dt/c3p/c3pc020e_ch1.wav
c3pc020h /CDShare/REVERB_DATA/REVERB/REVERB_WSJCAM0_dt/data/near_test/primary_microphone/si_dt/c3p/c3pc020h_ch1.wav
c3pc020l /CDShare/REVERB_DATA/REVERB/REVERB_WSJCAM0_dt/data/near_test/primary_microphone/si_dt/c3p/c3pc020l_ch1.wav
c3pc020o /CDShare/REVERB_DATA/REVERB/REVERB_WSJCAM0_dt/data/near_test/primary_microphone/si_dt/c3p/c3pc020o_ch1.wav
c3pc020r /CDShare/REVERB_DATA/REVERB/REVERB_WSJCAM0_dt/data/near_test/primary_microphone/si_dt/c3p/c3pc020r_ch1.wav
c3pc020u /CDShare/REVERB_DATA/REVERB/REVERB_WSJCAM0_dt/data/near_test/primary_microphone/si_dt/c3p/c3pc020u_ch1.wav
c3pc020x /CDShare/REVERB_DATA/REVERB/REVERB_WSJCAM0_dt/data/near_test/primary_microphone/si_dt/c3p/c3pc020x_ch1.wav
c3pc0210 /CDShare/REVERB_DATA/REVERB/REVERB_WSJCAM0_dt/data/near_test/primary_microphone/si_dt/c3p/c3pc0210_ch1.wav
c3sc0201 /CDShare/REVERB_DATA/REVERB/REVERB_WSJCAM0_dt/data/near_test/primary_microphone/si_dt/c3s/c3sc0201_ch1.wav
c3sc0204 /CDShare/REVERB_DATA/REVERB/REVERB_WSJCAM0_dt/data/near_test/primary_microphone/si_dt/c3s/c3sc0204_ch1.wav
c3sc0207 /CDShare/REVERB_DATA/REVERB/REVERB_WSJCAM0_dt/data/near_test/primary_microphone/si_dt/c3s/c3sc0207_ch1.wav
c3sc020a /CDShare/REVERB_DATA/REVERB/REVERB_WSJCAM0_dt/data/near_test/primary_microphone/si_dt/c3s/c3sc020a_ch1.wav
c3sc020d /CDShare/REVERB_DATA/REVERB/REVERB_WSJCAM0_dt/data/near_test/primary_microphone/si_dt/c3s/c3sc020d_ch1.wav
c3sc020g /CDShare/REVERB_DATA/REVERB/REVERB_WSJCAM0_dt/data/near_test/primary_microphone/si_dt/c3s/c3sc020g_ch1.wav
c3sc020j /CDShare/REVERB_DATA/REVERB/REVERB_WSJCAM0_dt/data/near_test/primary_microphone/si_dt/c3s/c3sc020j_ch1.wav
c3sc020k /CDShare/REVERB_DATA/REVERB/REVERB_WSJCAM0_dt/data/near_test/primary_microphone/si_dt/c3s/c3sc020k_ch1.wav
c3sc020n /CDShare/REVERB_DATA/REVERB/REVERB_WSJCAM0_dt/data/near_test/primary_microphone/si_dt/c3s/c3sc020n_ch1.wav
c3sc020q /CDShare/REVERB_DATA/REVERB/REVERB_WSJCAM0_dt/data/near_test/primary_microphone/si_dt/c3s/c3sc020q_ch1.wav
c3sc020t /CDShare/REVERB_DATA/REVERB/REVERB_WSJCAM0_dt/data/near_test/primary_microphone/si_dt/c3s/c3sc020t_ch1.wav
c3sc020w /CDShare/REVERB_DATA/REVERB/REVERB_WSJCAM0_dt/data/near_test/primary_microphone/si_dt/c3s/c3sc020w_ch1.wav
c3sc020z /CDShare/REVERB_DATA/REVERB/REVERB_WSJCAM0_dt/data/near_test/primary_microphone/si_dt/c3s/c3sc020z_ch1.wav
c3tc0203 /CDShare/REVERB_DATA/REVERB/REVERB_WSJCAM0_dt/data/near_test/primary_microphone/si_dt/c3t/c3tc0203_ch1.wav
c3tc0206 /CDShare/REVERB_DATA/REVERB/REVERB_WSJCAM0_dt/data/near_test/primary_microphone/si_dt/c3t/c3tc0206_ch1.wav
c3tc0209 /CDShare/REVERB_DATA/REVERB/REVERB_WSJCAM0_dt/data/near_test/primary_microphone/si_dt/c3t/c3tc0209_ch1.wav
c3tc020c /CDShare/REVERB_DATA/REVERB/REVERB_WSJCAM0_dt/data/near_test/primary_microphone/si_dt/c3t/c3tc020c_ch1.wav
c3tc020f /CDShare/REVERB_DATA/REVERB/REVERB_WSJCAM0_dt/data/near_test/primary_microphone/si_dt/c3t/c3tc020f_ch1.wav
c3tc020i /CDShare/REVERB_DATA/REVERB/REVERB_WSJCAM0_dt/data/near_test/primary_microphone/si_dt/c3t/c3tc020i_ch1.wav
c3tc020k /CDShare/REVERB_DATA/REVERB/REVERB_WSJCAM0_dt/data/near_test/primary_microphone/si_dt/c3t/c3tc020k_ch1.wav
c3tc020n /CDShare/REVERB_DATA/REVERB/REVERB_WSJCAM0_dt/data/near_test/primary_microphone/si_dt/c3t/c3tc020n_ch1.wav
c3tc020q /CDShare/REVERB_DATA/REVERB/REVERB_WSJCAM0_dt/data/near_test/primary_microphone/si_dt/c3t/c3tc020q_ch1.wav
c3tc020t /CDShare/REVERB_DATA/REVERB/REVERB_WSJCAM0_dt/data/near_test/primary_microphone/si_dt/c3t/c3tc020t_ch1.wav
c3tc020w /CDShare/REVERB_DATA/REVERB/REVERB_WSJCAM0_dt/data/near_test/primary_microphone/si_dt/c3t/c3tc020w_ch1.wav
c3tc020z /CDShare/REVERB_DATA/REVERB/REVERB_WSJCAM0_dt/data/near_test/primary_microphone/si_dt/c3t/c3tc020z_ch1.wav
c3tc0212 /CDShare/REVERB_DATA/REVERB/REVERB_WSJCAM0_dt/data/near_test/primary_microphone/si_dt/c3t/c3tc0212_ch1.wav
c3wc0202 /CDShare/REVERB_DATA/REVERB/REVERB_WSJCAM0_dt/data/near_test/primary_microphone/si_dt/c3w/c3wc0202_ch1.wav
c3wc0205 /CDShare/REVERB_DATA/REVERB/REVERB_WSJCAM0_dt/data/near_test/primary_microphone/si_dt/c3w/c3wc0205_ch1.wav
c3wc0208 /CDShare/REVERB_DATA/REVERB/REVERB_WSJCAM0_dt/data/near_test/primary_microphone/si_dt/c3w/c3wc0208_ch1.wav
c3wc020b /CDShare/REVERB_DATA/REVERB/REVERB_WSJCAM0_dt/data/near_test/primary_microphone/si_dt/c3w/c3wc020b_ch1.wav
c3wc020e /CDShare/REVERB_DATA/REVERB/REVERB_WSJCAM0_dt/data/near_test/primary_microphone/si_dt/c3w/c3wc020e_ch1.wav
c3wc020h /CDShare/REVERB_DATA/REVERB/REVERB_WSJCAM0_dt/data/near_test/primary_microphone/si_dt/c3w/c3wc020h_ch1.wav
c3wc020j /CDShare/REVERB_DATA/REVERB/REVERB_WSJCAM0_dt/data/near_test/primary_microphone/si_dt/c3w/c3wc020j_ch1.wav
c3wc020o /CDShare/REVERB_DATA/REVERB/REVERB_WSJCAM0_dt/data/near_test/primary_microphone/si_dt/c3w/c3wc020o_ch1.wav
c3wc020r /CDShare/REVERB_DATA/REVERB/REVERB_WSJCAM0_dt/data/near_test/primary_microphone/si_dt/c3w/c3wc020r_ch1.wav
c3wc020u /CDShare/REVERB_DATA/REVERB/REVERB_WSJCAM0_dt/data/near_test/primary_microphone/si_dt/c3w/c3wc020u_ch1.wav
c3wc020x /CDShare/REVERB_DATA/REVERB/REVERB_WSJCAM0_dt/data/near_test/primary_microphone/si_dt/c3w/c3wc020x_ch1.wav
c3wc0210 /CDShare/REVERB_DATA/REVERB/REVERB_WSJCAM0_dt/data/near_test/primary_microphone/si_dt/c3w/c3wc0210_ch1.wav
c3zc0203 /CDShare/REVERB_DATA/REVERB/REVERB_WSJCAM0_dt/data/near_test/primary_microphone/si_dt/c3z/c3zc0203_ch1.wav
c3zc0206 /CDShare/REVERB_DATA/REVERB/REVERB_WSJCAM0_dt/data/near_test/primary_microphone/si_dt/c3z/c3zc0206_ch1.wav
c3zc020a /CDShare/REVERB_DATA/REVERB/REVERB_WSJCAM0_dt/data/near_test/primary_microphone/si_dt/c3z/c3zc020a_ch1.wav
c3zc020d /CDShare/REVERB_DATA/REVERB/REVERB_WSJCAM0_dt/data/near_test/primary_microphone/si_dt/c3z/c3zc020d_ch1.wav
c3zc020g /CDShare/REVERB_DATA/REVERB/REVERB_WSJCAM0_dt/data/near_test/primary_microphone/si_dt/c3z/c3zc020g_ch1.wav
c3zc020j /CDShare/REVERB_DATA/REVERB/REVERB_WSJCAM0_dt/data/near_test/primary_microphone/si_dt/c3z/c3zc020j_ch1.wav
c3zc020m /CDShare/REVERB_DATA/REVERB/REVERB_WSJCAM0_dt/data/near_test/primary_microphone/si_dt/c3z/c3zc020m_ch1.wav
c3zc020p /CDShare/REVERB_DATA/REVERB/REVERB_WSJCAM0_dt/data/near_test/primary_microphone/si_dt/c3z/c3zc020p_ch1.wav
c3zc020s /CDShare/REVERB_DATA/REVERB/REVERB_WSJCAM0_dt/data/near_test/primary_microphone/si_dt/c3z/c3zc020s_ch1.wav
c3zc020v /CDShare/REVERB_DATA/REVERB/REVERB_WSJCAM0_dt/data/near_test/primary_microphone/si_dt/c3z/c3zc020v_ch1.wav
c3zc020y /CDShare/REVERB_DATA/REVERB/REVERB_WSJCAM0_dt/data/near_test/primary_microphone/si_dt/c3z/c3zc020y_ch1.wav
c3zc0211 /CDShare/REVERB_DATA/REVERB/REVERB_WSJCAM0_dt/data/near_test/primary_microphone/si_dt/c3z/c3zc0211_ch1.wav
c40c0202 /CDShare/REVERB_DATA/REVERB/REVERB_WSJCAM0_dt/data/near_test/primary_microphone/si_dt/c40/c40c0202_ch1.wav
c40c0205 /CDShare/REVERB_DATA/REVERB/REVERB_WSJCAM0_dt/data/near_test/primary_microphone/si_dt/c40/c40c0205_ch1.wav
c40c0208 /CDShare/REVERB_DATA/REVERB/REVERB_WSJCAM0_dt/data/near_test/primary_microphone/si_dt/c40/c40c0208_ch1.wav
c40c020b /CDShare/REVERB_DATA/REVERB/REVERB_WSJCAM0_dt/data/near_test/primary_microphone/si_dt/c40/c40c020b_ch1.wav
c40c020e /CDShare/REVERB_DATA/REVERB/REVERB_WSJCAM0_dt/data/near_test/primary_microphone/si_dt/c40/c40c020e_ch1.wav
c40c020h /CDShare/REVERB_DATA/REVERB/REVERB_WSJCAM0_dt/data/near_test/primary_microphone/si_dt/c40/c40c020h_ch1.wav
c40c020k /CDShare/REVERB_DATA/REVERB/REVERB_WSJCAM0_dt/data/near_test/primary_microphone/si_dt/c40/c40c020k_ch1.wav
c40c020n /CDShare/REVERB_DATA/REVERB/REVERB_WSJCAM0_dt/data/near_test/primary_microphone/si_dt/c40/c40c020n_ch1.wav
c40c020q /CDShare/REVERB_DATA/REVERB/REVERB_WSJCAM0_dt/data/near_test/primary_microphone/si_dt/c40/c40c020q_ch1.wav
c40c020t /CDShare/REVERB_DATA/REVERB/REVERB_WSJCAM0_dt/data/near_test/primary_microphone/si_dt/c40/c40c020t_ch1.wav
c40c020w /CDShare/REVERB_DATA/REVERB/REVERB_WSJCAM0_dt/data/near_test/primary_microphone/si_dt/c40/c40c020w_ch1.wav
c40c020z /CDShare/REVERB_DATA/REVERB/REVERB_WSJCAM0_dt/data/near_test/primary_microphone/si_dt/c40/c40c020z_ch1.wav
c40c0212 /CDShare/REVERB_DATA/REVERB/REVERB_WSJCAM0_dt/data/near_test/primary_microphone/si_dt/c40/c40c0212_ch1.wav
c41c0201 /CDShare/REVERB_DATA/REVERB/REVERB_WSJCAM0_dt/data/near_test/primary_microphone/si_dt/c41/c41c0201_ch1.wav
c41c0204 /CDShare/REVERB_DATA/REVERB/REVERB_WSJCAM0_dt/data/near_test/primary_microphone/si_dt/c41/c41c0204_ch1.wav
c41c0207 /CDShare/REVERB_DATA/REVERB/REVERB_WSJCAM0_dt/data/near_test/primary_microphone/si_dt/c41/c41c0207_ch1.wav
c41c020a /CDShare/REVERB_DATA/REVERB/REVERB_WSJCAM0_dt/data/near_test/primary_microphone/si_dt/c41/c41c020a_ch1.wav
c41c020d /CDShare/REVERB_DATA/REVERB/REVERB_WSJCAM0_dt/data/near_test/primary_microphone/si_dt/c41/c41c020d_ch1.wav
c41c020g /CDShare/REVERB_DATA/REVERB/REVERB_WSJCAM0_dt/data/near_test/primary_microphone/si_dt/c41/c41c020g_ch1.wav
c41c020j /CDShare/REVERB_DATA/REVERB/REVERB_WSJCAM0_dt/data/near_test/primary_microphone/si_dt/c41/c41c020j_ch1.wav
c41c020l /CDShare/REVERB_DATA/REVERB/REVERB_WSJCAM0_dt/data/near_test/primary_microphone/si_dt/c41/c41c020l_ch1.wav
c41c020o /CDShare/REVERB_DATA/REVERB/REVERB_WSJCAM0_dt/data/near_test/primary_microphone/si_dt/c41/c41c020o_ch1.wav
c41c020r /CDShare/REVERB_DATA/REVERB/REVERB_WSJCAM0_dt/data/near_test/primary_microphone/si_dt/c41/c41c020r_ch1.wav
c41c020u /CDShare/REVERB_DATA/REVERB/REVERB_WSJCAM0_dt/data/near_test/primary_microphone/si_dt/c41/c41c020u_ch1.wav
c41c020x /CDShare/REVERB_DATA/REVERB/REVERB_WSJCAM0_dt/data/near_test/primary_microphone/si_dt/c41/c41c020x_ch1.wav
c41c0210 /CDShare/REVERB_DATA/REVERB/REVERB_WSJCAM0_dt/data/near_test/primary_microphone/si_dt/c41/c41c0210_ch1.wav
c41c0213 /CDShare/REVERB_DATA/REVERB/REVERB_WSJCAM0_dt/data/near_test/primary_microphone/si_dt/c41/c41c0213_ch1.wav
c42c0203 /CDShare/REVERB_DATA/REVERB/REVERB_WSJCAM0_dt/data/near_test/primary_microphone/si_dt/c42/c42c0203_ch1.wav
c42c0206 /CDShare/REVERB_DATA/REVERB/REVERB_WSJCAM0_dt/data/near_test/primary_microphone/si_dt/c42/c42c0206_ch1.wav
c42c0209 /CDShare/REVERB_DATA/REVERB/REVERB_WSJCAM0_dt/data/near_test/primary_microphone/si_dt/c42/c42c0209_ch1.wav
c42c020c /CDShare/REVERB_DATA/REVERB/REVERB_WSJCAM0_dt/data/near_test/primary_microphone/si_dt/c42/c42c020c_ch1.wav
c42c020f /CDShare/REVERB_DATA/REVERB/REVERB_WSJCAM0_dt/data/near_test/primary_microphone/si_dt/c42/c42c020f_ch1.wav
c42c020i /CDShare/REVERB_DATA/REVERB/REVERB_WSJCAM0_dt/data/near_test/primary_microphone/si_dt/c42/c42c020i_ch1.wav
c42c020m /CDShare/REVERB_DATA/REVERB/REVERB_WSJCAM0_dt/data/near_test/primary_microphone/si_dt/c42/c42c020m_ch1.wav
c42c020p /CDShare/REVERB_DATA/REVERB/REVERB_WSJCAM0_dt/data/near_test/primary_microphone/si_dt/c42/c42c020p_ch1.wav
c42c020s /CDShare/REVERB_DATA/REVERB/REVERB_WSJCAM0_dt/data/near_test/primary_microphone/si_dt/c42/c42c020s_ch1.wav
c42c020v /CDShare/REVERB_DATA/REVERB/REVERB_WSJCAM0_dt/data/near_test/primary_microphone/si_dt/c42/c42c020v_ch1.wav
c42c020z /CDShare/REVERB_DATA/REVERB/REVERB_WSJCAM0_dt/data/near_test/primary_microphone/si_dt/c42/c42c020z_ch1.wav
c42c0212 /CDShare/REVERB_DATA/REVERB/REVERB_WSJCAM0_dt/data/near_test/primary_microphone/si_dt/c42/c42c0212_ch1.wav
c45c0202 /CDShare/REVERB_DATA/REVERB/REVERB_WSJCAM0_dt/data/near_test/primary_microphone/si_dt/c45/c45c0202_ch1.wav
c45c0205 /CDShare/REVERB_DATA/REVERB/REVERB_WSJCAM0_dt/data/near_test/primary_microphone/si_dt/c45/c45c0205_ch1.wav
c45c0208 /CDShare/REVERB_DATA/REVERB/REVERB_WSJCAM0_dt/data/near_test/primary_microphone/si_dt/c45/c45c0208_ch1.wav
c45c020b /CDShare/REVERB_DATA/REVERB/REVERB_WSJCAM0_dt/data/near_test/primary_microphone/si_dt/c45/c45c020b_ch1.wav
c45c020e /CDShare/REVERB_DATA/REVERB/REVERB_WSJCAM0_dt/data/near_test/primary_microphone/si_dt/c45/c45c020e_ch1.wav
c45c020h /CDShare/REVERB_DATA/REVERB/REVERB_WSJCAM0_dt/data/near_test/primary_microphone/si_dt/c45/c45c020h_ch1.wav
c45c020l /CDShare/REVERB_DATA/REVERB/REVERB_WSJCAM0_dt/data/near_test/primary_microphone/si_dt/c45/c45c020l_ch1.wav
c45c020o /CDShare/REVERB_DATA/REVERB/REVERB_WSJCAM0_dt/data/near_test/primary_microphone/si_dt/c45/c45c020o_ch1.wav
c45c020r /CDShare/REVERB_DATA/REVERB/REVERB_WSJCAM0_dt/data/near_test/primary_microphone/si_dt/c45/c45c020r_ch1.wav
c45c020u /CDShare/REVERB_DATA/REVERB/REVERB_WSJCAM0_dt/data/near_test/primary_microphone/si_dt/c45/c45c020u_ch1.wav
c45c020x /CDShare/REVERB_DATA/REVERB/REVERB_WSJCAM0_dt/data/near_test/primary_microphone/si_dt/c45/c45c020x_ch1.wav
c45c0210 /CDShare/REVERB_DATA/REVERB/REVERB_WSJCAM0_dt/data/near_test/primary_microphone/si_dt/c45/c45c0210_ch1.wav
c45c0213 /CDShare/REVERB_DATA/REVERB/REVERB_WSJCAM0_dt/data/near_test/primary_microphone/si_dt/c45/c45c0213_ch1.wav
c49c0201 /CDShare/REVERB_DATA/REVERB/REVERB_WSJCAM0_dt/data/near_test/primary_microphone/si_dt/c49/c49c0201_ch1.wav
c49c0205 /CDShare/REVERB_DATA/REVERB/REVERB_WSJCAM0_dt/data/near_test/primary_microphone/si_dt/c49/c49c0205_ch1.wav
c49c0208 /CDShare/REVERB_DATA/REVERB/REVERB_WSJCAM0_dt/data/near_test/primary_microphone/si_dt/c49/c49c0208_ch1.wav
c49c020b /CDShare/REVERB_DATA/REVERB/REVERB_WSJCAM0_dt/data/near_test/primary_microphone/si_dt/c49/c49c020b_ch1.wav
c49c020e /CDShare/REVERB_DATA/REVERB/REVERB_WSJCAM0_dt/data/near_test/primary_microphone/si_dt/c49/c49c020e_ch1.wav
c49c020h /CDShare/REVERB_DATA/REVERB/REVERB_WSJCAM0_dt/data/near_test/primary_microphone/si_dt/c49/c49c020h_ch1.wav
c49c020l /CDShare/REVERB_DATA/REVERB/REVERB_WSJCAM0_dt/data/near_test/primary_microphone/si_dt/c49/c49c020l_ch1.wav
c49c020o /CDShare/REVERB_DATA/REVERB/REVERB_WSJCAM0_dt/data/near_test/primary_microphone/si_dt/c49/c49c020o_ch1.wav
c49c020r /CDShare/REVERB_DATA/REVERB/REVERB_WSJCAM0_dt/data/near_test/primary_microphone/si_dt/c49/c49c020r_ch1.wav
c49c020u /CDShare/REVERB_DATA/REVERB/REVERB_WSJCAM0_dt/data/near_test/primary_microphone/si_dt/c49/c49c020u_ch1.wav
c49c020y /CDShare/REVERB_DATA/REVERB/REVERB_WSJCAM0_dt/data/near_test/primary_microphone/si_dt/c49/c49c020y_ch1.wav
c49c0211 /CDShare/REVERB_DATA/REVERB/REVERB_WSJCAM0_dt/data/near_test/primary_microphone/si_dt/c49/c49c0211_ch1.wav
