c31c0203 /CDShare/REVERB_DATA/REVERB/REVERB_WSJCAM0_dt/data/cln_test/primary_microphone/si_dt/c31/c31c0203.wav
c31c0207 /CDShare/REVERB_DATA/REVERB/REVERB_WSJCAM0_dt/data/cln_test/primary_microphone/si_dt/c31/c31c0207.wav
c31c020a /CDShare/REVERB_DATA/REVERB/REVERB_WSJCAM0_dt/data/cln_test/primary_microphone/si_dt/c31/c31c020a.wav
c31c020d /CDShare/REVERB_DATA/REVERB/REVERB_WSJCAM0_dt/data/cln_test/primary_microphone/si_dt/c31/c31c020d.wav
c31c020g /CDShare/REVERB_DATA/REVERB/REVERB_WSJCAM0_dt/data/cln_test/primary_microphone/si_dt/c31/c31c020g.wav
c31c020k /CDShare/REVERB_DATA/REVERB/REVERB_WSJCAM0_dt/data/cln_test/primary_microphone/si_dt/c31/c31c020k.wav
c31c020l /CDShare/REVERB_DATA/REVERB/REVERB_WSJCAM0_dt/data/cln_test/primary_microphone/si_dt/c31/c31c020l.wav
c31c020o /CDShare/REVERB_DATA/REVERB/REVERB_WSJCAM0_dt/data/cln_test/primary_microphone/si_dt/c31/c31c020o.wav
c31c020r /CDShare/REVERB_DATA/REVERB/REVERB_WSJCAM0_dt/data/cln_test/primary_microphone/si_dt/c31/c31c020r.wav
c31c020u /CDShare/REVERB_DATA/REVERB/REVERB_WSJCAM0_dt/data/cln_test/primary_microphone/si_dt/c31/c31c020u.wav
c31c020x /CDShare/REVERB_DATA/REVERB/REVERB_WSJCAM0_dt/data/cln_test/primary_microphone/si_dt/c31/c31c020x.wav
c31c0210 /CDShare/REVERB_DATA/REVERB/REVERB_WSJCAM0_dt/data/cln_test/primary_microphone/si_dt/c31/c31c0210.wav
c34c0203 /CDShare/REVERB_DATA/REVERB/REVERB_WSJCAM0_dt/data/cln_test/primary_microphone/si_dt/c34/c34c0203.wav
c34c0206 /CDShare/REVERB_DATA/REVERB/REVERB_WSJCAM0_dt/data/cln_test/primary_microphone/si_dt/c34/c34c0206.wav
c34c0209 /CDShare/REVERB_DATA/REVERB/REVERB_WSJCAM0_dt/data/cln_test/primary_microphone/si_dt/c34/c34c0209.wav
c34c020c /CDShare/REVERB_DATA/REVERB/REVERB_WSJCAM0_dt/data/cln_test/primary_microphone/si_dt/c34/c34c020c.wav
c34c020f /CDShare/REVERB_DATA/REVERB/REVERB_WSJCAM0_dt/data/cln_test/primary_microphone/si_dt/c34/c34c020f.wav
c34c020i /CDShare/REVERB_DATA/REVERB/REVERB_WSJCAM0_dt/data/cln_test/primary_microphone/si_dt/c34/c34c020i.wav
c34c020m /CDShare/REVERB_DATA/REVERB/REVERB_WSJCAM0_dt/data/cln_test/primary_microphone/si_dt/c34/c34c020m.wav
c34c020p /CDShare/REVERB_DATA/REVERB/REVERB_WSJCAM0_dt/data/cln_test/primary_microphone/si_dt/c34/c34c020p.wav
c34c020s /CDShare/REVERB_DATA/REVERB/REVERB_WSJCAM0_dt/data/cln_test/primary_microphone/si_dt/c34/c34c020s.wav
c34c020v /CDShare/REVERB_DATA/REVERB/REVERB_WSJCAM0_dt/data/cln_test/primary_microphone/si_dt/c34/c34c020v.wav
c34c020y /CDShare/REVERB_DATA/REVERB/REVERB_WSJCAM0_dt/data/cln_test/primary_microphone/si_dt/c34/c34c020y.wav
c34c0211 /CDShare/REVERB_DATA/REVERB/REVERB_WSJCAM0_dt/data/cln_test/primary_microphone/si_dt/c34/c34c0211.wav
c35c0201 /CDShare/REVERB_DATA/REVERB/REVERB_WSJCAM0_dt/data/cln_test/primary_microphone/si_dt/c35/c35c0201.wav
c35c0204 /CDShare/REVERB_DATA/REVERB/REVERB_WSJCAM0_dt/data/cln_test/primary_microphone/si_dt/c35/c35c0204.wav
c35c0207 /CDShare/REVERB_DATA/REVERB/REVERB_WSJCAM0_dt/data/cln_test/primary_microphone/si_dt/c35/c35c0207.wav
c35c020a /CDShare/REVERB_DATA/REVERB/REVERB_WSJCAM0_dt/data/cln_test/primary_microphone/si_dt/c35/c35c020a.wav
c35c020d /CDShare/REVERB_DATA/REVERB/REVERB_WSJCAM0_dt/data/cln_test/primary_microphone/si_dt/c35/c35c020d.wav
c35c020g /CDShare/REVERB_DATA/REVERB/REVERB_WSJCAM0_dt/data/cln_test/primary_microphone/si_dt/c35/c35c020g.wav
c35c020j /CDShare/REVERB_DATA/REVERB/REVERB_WSJCAM0_dt/data/cln_test/primary_microphone/si_dt/c35/c35c020j.wav
c35c020l /CDShare/REVERB_DATA/REVERB/REVERB_WSJCAM0_dt/data/cln_test/primary_microphone/si_dt/c35/c35c020l.wav
c35c020o /CDShare/REVERB_DATA/REVERB/REVERB_WSJCAM0_dt/data/cln_test/primary_microphone/si_dt/c35/c35c020o.wav
c35c020r /CDShare/REVERB_DATA/REVERB/REVERB_WSJCAM0_dt/data/cln_test/primary_microphone/si_dt/c35/c35c020r.wav
c35c020u /CDShare/REVERB_DATA/REVERB/REVERB_WSJCAM0_dt/data/cln_test/primary_microphone/si_dt/c35/c35c020u.wav
c35c020x /CDShare/REVERB_DATA/REVERB/REVERB_WSJCAM0_dt/data/cln_test/primary_microphone/si_dt/c35/c35c020x.wav
c35c0210 /CDShare/REVERB_DATA/REVERB/REVERB_WSJCAM0_dt/data/cln_test/primary_microphone/si_dt/c35/c35c0210.wav
c35c0213 /CDShare/REVERB_DATA/REVERB/REVERB_WSJCAM0_dt/data/cln_test/primary_microphone/si_dt/c35/c35c0213.wav
c38c0203 /CDShare/REVERB_DATA/REVERB/REVERB_WSJCAM0_dt/data/cln_test/primary_microphone/si_dt/c38/c38c0203.wav
c38c0206 /CDShare/REVERB_DATA/REVERB/REVERB_WSJCAM0_dt/data/cln_test/primary_microphone/si_dt/c38/c38c0206.wav
c38c0209 /CDShare/REVERB_DATA/REVERB/REVERB_WSJCAM0_dt/data/cln_test/primary_microphone/si_dt/c38/c38c0209.wav
c38c020d /CDShare/REVERB_DATA/REVERB/REVERB_WSJCAM0_dt/data/cln_test/primary_microphone/si_dt/c38/c38c020d.wav
c38c020g /CDShare/REVERB_DATA/REVERB/REVERB_WSJCAM0_dt/data/cln_test/primary_microphone/si_dt/c38/c38c020g.wav
c38c020j /CDShare/REVERB_DATA/REVERB/REVERB_WSJCAM0_dt/data/cln_test/primary_microphone/si_dt/c38/c38c020j.wav
c38c020m /CDShare/REVERB_DATA/REVERB/REVERB_WSJCAM0_dt/data/cln_test/primary_microphone/si_dt/c38/c38c020m.wav
c38c020r /CDShare/REVERB_DATA/REVERB/REVERB_WSJCAM0_dt/data/cln_test/primary_microphone/si_dt/c38/c38c020r.wav
c38c020u /CDShare/REVERB_DATA/REVERB/REVERB_WSJCAM0_dt/data/cln_test/primary_microphone/si_dt/c38/c38c020u.wav
c38c020x /CDShare/REVERB_DATA/REVERB/REVERB_WSJCAM0_dt/data/cln_test/primary_microphone/si_dt/c38/c38c020x.wav
c38c0210 /CDShare/REVERB_DATA/REVERB/REVERB_WSJCAM0_dt/data/cln_test/primary_microphone/si_dt/c38/c38c0210.wav
c38c0213 /CDShare/REVERB_DATA/REVERB/REVERB_WSJCAM0_dt/data/cln_test/primary_microphone/si_dt/c38/c38c0213.wav
c3cc0203 /CDShare/REVERB_DATA/REVERB/REVERB_WSJCAM0_dt/data/cln_test/primary_microphone/si_dt/c3c/c3cc0203.wav
c3cc0206 /CDShare/REVERB_DATA/REVERB/REVERB_WSJCAM0_dt/data/cln_test/primary_microphone/si_dt/c3c/c3cc0206.wav
c3cc0209 /CDShare/REVERB_DATA/REVERB/REVERB_WSJCAM0_dt/data/cln_test/primary_microphone/si_dt/c3c/c3cc0209.wav
c3cc020c /CDShare/REVERB_DATA/REVERB/REVERB_WSJCAM0_dt/data/cln_test/primary_microphone/si_dt/c3c/c3cc020c.wav
c3cc020f /CDShare/REVERB_DATA/REVERB/REVERB_WSJCAM0_dt/data/cln_test/primary_microphone/si_dt/c3c/c3cc020f.wav
c3cc020i /CDShare/REVERB_DATA/REVERB/REVERB_WSJCAM0_dt/data/cln_test/primary_microphone/si_dt/c3c/c3cc020i.wav
c3cc020m /CDShare/REVERB_DATA/REVERB/REVERB_WSJCAM0_dt/data/cln_test/primary_microphone/si_dt/c3c/c3cc020m.wav
c3cc020p /CDShare/REVERB_DATA/REVERB/REVERB_WSJCAM0_dt/data/cln_test/primary_microphone/si_dt/c3c/c3cc020p.wav
c3cc020t /CDShare/REVERB_DATA/REVERB/REVERB_WSJCAM0_dt/data/cln_test/primary_microphone/si_dt/c3c/c3cc020t.wav
c3cc020w /CDShare/REVERB_DATA/REVERB/REVERB_WSJCAM0_dt/data/cln_test/primary_microphone/si_dt/c3c/c3cc020w.wav
c3cc020z /CDShare/REVERB_DATA/REVERB/REVERB_WSJCAM0_dt/data/cln_test/primary_microphone/si_dt/c3c/c3cc020z.wav
c3cc0212 /CDShare/REVERB_DATA/REVERB/REVERB_WSJCAM0_dt/data/cln_test/primary_microphone/si_dt/c3c/c3cc0212.wav
c3dc0202 /CDShare/REVERB_DATA/REVERB/REVERB_WSJCAM0_dt/data/cln_test/primary_microphone/si_dt/c3d/c3dc0202.wav
c3dc0205 /CDShare/REVERB_DATA/REVERB/REVERB_WSJCAM0_dt/data/cln_test/primary_microphone/si_dt/c3d/c3dc0205.wav
c3dc0208 /CDShare/REVERB_DATA/REVERB/REVERB_WSJCAM0_dt/data/cln_test/primary_microphone/si_dt/c3d/c3dc0208.wav
c3dc020b /CDShare/REVERB_DATA/REVERB/REVERB_WSJCAM0_dt/data/cln_test/primary_microphone/si_dt/c3d/c3dc020b.wav
c3dc020e /CDShare/REVERB_DATA/REVERB/REVERB_WSJCAM0_dt/data/cln_test/primary_microphone/si_dt/c3d/c3dc020e.wav
c3dc020h /CDShare/REVERB_DATA/REVERB/REVERB_WSJCAM0_dt/data/cln_test/primary_microphone/si_dt/c3d/c3dc020h.wav
c3dc020k /CDShare/REVERB_DATA/REVERB/REVERB_WSJCAM0_dt/data/cln_test/primary_microphone/si_dt/c3d/c3dc020k.wav
c3dc020l /CDShare/REVERB_DATA/REVERB/REVERB_WSJCAM0_dt/data/cln_test/primary_microphone/si_dt/c3d/c3dc020l.wav
c3dc020o /CDShare/REVERB_DATA/REVERB/REVERB_WSJCAM0_dt/data/cln_test/primary_microphone/si_dt/c3d/c3dc020o.wav
c3dc020r /CDShare/REVERB_DATA/REVERB/REVERB_WSJCAM0_dt/data/cln_test/primary_microphone/si_dt/c3d/c3dc020r.wav
c3dc020u /CDShare/REVERB_DATA/REVERB/REVERB_WSJCAM0_dt/data/cln_test/primary_microphone/si_dt/c3d/c3dc020u.wav
c3dc020x /CDShare/REVERB_DATA/REVERB/REVERB_WSJCAM0_dt/data/cln_test/primary_microphone/si_dt/c3d/c3dc020x.wav
c3dc0210 /CDShare/REVERB_DATA/REVERB/REVERB_WSJCAM0_dt/data/cln_test/primary_microphone/si_dt/c3d/c3dc0210.wav
c3dc0213 /CDShare/REVERB_DATA/REVERB/REVERB_WSJCAM0_dt/data/cln_test/primary_microphone/si_dt/c3d/c3dc0213.wav
c3fc0203 /CDShare/REVERB_DATA/REVERB/REVERB_WSJCAM0_dt/data/cln_test/primary_microphone/si_dt/c3f/c3fc0203.wav
c3fc0206 /CDShare/REVERB_DATA/REVERB/REVERB_WSJCAM0_dt/data/cln_test/primary_microphone/si_dt/c3f/c3fc0206.wav
c3fc0209 /CDShare/REVERB_DATA/REVERB/REVERB_WSJCAM0_dt/data/cln_test/primary_microphone/si_dt/c3f/c3fc0209.wav
c3fc020c /CDShare/REVERB_DATA/REVERB/REVERB_WSJCAM0_dt/data/cln_test/primary_microphone/si_dt/c3f/c3fc020c.wav
c3fc020f /CDShare/REVERB_DATA/REVERB/REVERB_WSJCAM0_dt/data/cln_test/primary_microphone/si_dt/c3f/c3fc020f.wav
c3fc020j /CDShare/REVERB_DATA/REVERB/REVERB_WSJCAM0_dt/data/cln_test/primary_microphone/si_dt/c3f/c3fc020j.wav
c3fc020o /CDShare/REVERB_DATA/REVERB/REVERB_WSJCAM0_dt/data/cln_test/primary_microphone/si_dt/c3f/c3fc020o.wav
c3fc020r /CDShare/REVERB_DATA/REVERB/REVERB_WSJCAM0_dt/data/cln_test/primary_microphone/si_dt/c3f/c3fc020r.wav
c3fc020u /CDShare/REVERB_DATA/REVERB/REVERB_WSJCAM0_dt/data/cln_test/primary_microphone/si_dt/c3f/c3fc020u.wav
c3fc020y /CDShare/REVERB_DATA/REVERB/REVERB_WSJCAM0_dt/data/cln_test/primary_microphone/si_dt/c3f/c3fc020y.wav
c3fc0213 /CDShare/REVERB_DATA/REVERB/REVERB_WSJCAM0_dt/data/cln_test/primary_microphone/si_dt/c3f/c3fc0213.wav
c3jc0201 /CDShare/REVERB_DATA/REVERB/REVERB_WSJCAM0_dt/data/cln_test/primary_microphone/si_dt/c3j/c3jc0201.wav
c3jc0204 /CDShare/REVERB_DATA/REVERB/REVERB_WSJCAM0_dt/data/cln_test/primary_microphone/si_dt/c3j/c3jc0204.wav
c3jc0207 /CDShare/REVERB_DATA/REVERB/REVERB_WSJCAM0_dt/data/cln_test/primary_microphone/si_dt/c3j/c3jc0207.wav
c3jc020a /CDShare/REVERB_DATA/REVERB/REVERB_WSJCAM0_dt/data/cln_test/primary_microphone/si_dt/c3j/c3jc020a.wav
c3jc020d /CDShare/REVERB_DATA/REVERB/REVERB_WSJCAM0_dt/data/cln_test/primary_microphone/si_dt/c3j/c3jc020d.wav
c3jc020g /CDShare/REVERB_DATA/REVERB/REVERB_WSJCAM0_dt/data/cln_test/primary_microphone/si_dt/c3j/c3jc020g.wav
c3jc020j /CDShare/REVERB_DATA/REVERB/REVERB_WSJCAM0_dt/data/cln_test/primary_microphone/si_dt/c3j/c3jc020j.wav
c3jc020n /CDShare/REVERB_DATA/REVERB/REVERB_WSJCAM0_dt/data/cln_test/primary_microphone/si_dt/c3j/c3jc020n.wav
c3jc020q /CDShare/REVERB_DATA/REVERB/REVERB_WSJCAM0_dt/data/cln_test/primary_microphone/si_dt/c3j/c3jc020q.wav
c3jc020t /CDShare/REVERB_DATA/REVERB/REVERB_WSJCAM0_dt/data/cln_test/primary_microphone/si_dt/c3j/c3jc020t.wav
c3jc020w /CDShare/REVERB_DATA/REVERB/REVERB_WSJCAM0_dt/data/cln_test/primary_microphone/si_dt/c3j/c3jc020w.wav
c3jc020z /CDShare/REVERB_DATA/REVERB/REVERB_WSJCAM0_dt/data/cln_test/primary_microphone/si_dt/c3j/c3jc020z.wav
c3jc0212 /CDShare/REVERB_DATA/REVERB/REVERB_WSJCAM0_dt/data/cln_test/primary_microphone/si_dt/c3j/c3jc0212.wav
c3kc0203 /CDShare/REVERB_DATA/REVERB/REVERB_WSJCAM0_dt/data/cln_test/primary_microphone/si_dt/c3k/c3kc0203.wav
c3kc0206 /CDShare/REVERB_DATA/REVERB/REVERB_WSJCAM0_dt/data/cln_test/primary_microphone/si_dt/c3k/c3kc0206.wav
c3kc020a /CDShare/REVERB_DATA/REVERB/REVERB_WSJCAM0_dt/data/cln_test/primary_microphone/si_dt/c3k/c3kc020a.wav
c3kc020e /CDShare/REVERB_DATA/REVERB/REVERB_WSJCAM0_dt/data/cln_test/primary_microphone/si_dt/c3k/c3kc020e.wav
c3kc020i /CDShare/REVERB_DATA/REVERB/REVERB_WSJCAM0_dt/data/cln_test/primary_microphone/si_dt/c3k/c3kc020i.wav
c3kc020m /CDShare/REVERB_DATA/REVERB/REVERB_WSJCAM0_dt/data/cln_test/primary_microphone/si_dt/c3k/c3kc020m.wav
c3kc020s /CDShare/REVERB_DATA/REVERB/REVERB_WSJCAM0_dt/data/cln_test/primary_microphone/si_dt/c3k/c3kc020s.wav
c3kc020w /CDShare/REVERB_DATA/REVERB/REVERB_WSJCAM0_dt/data/cln_test/primary_microphone/si_dt/c3k/c3kc020w.wav
c3kc020z /CDShare/REVERB_DATA/REVERB/REVERB_WSJCAM0_dt/data/cln_test/primary_microphone/si_dt/c3k/c3kc020z.wav
c3kc0213 /CDShare/REVERB_DATA/REVERB/REVERB_WSJCAM0_dt/data/cln_test/primary_microphone/si_dt/c3k/c3kc0213.wav
c3lc0202 /CDShare/REVERB_DATA/REVERB/REVERB_WSJCAM0_dt/data/cln_test/primary_microphone/si_dt/c3l/c3lc0202.wav
c3lc0205 /CDShare/REVERB_DATA/REVERB/REVERB_WSJCAM0_dt/data/cln_test/primary_microphone/si_dt/c3l/c3lc0205.wav
c3lc0208 /CDShare/REVERB_DATA/REVERB/REVERB_WSJCAM0_dt/data/cln_test/primary_microphone/si_dt/c3l/c3lc0208.wav
c3lc020b /CDShare/REVERB_DATA/REVERB/REVERB_WSJCAM0_dt/data/cln_test/primary_microphone/si_dt/c3l/c3lc020b.wav
c3lc020g /CDShare/REVERB_DATA/REVERB/REVERB_WSJCAM0_dt/data/cln_test/primary_microphone/si_dt/c3l/c3lc020g.wav
c3lc020j /CDShare/REVERB_DATA/REVERB/REVERB_WSJCAM0_dt/data/cln_test/primary_microphone/si_dt/c3l/c3lc020j.wav
c3lc020k /CDShare/REVERB_DATA/REVERB/REVERB_WSJCAM0_dt/data/cln_test/primary_microphone/si_dt/c3l/c3lc020k.wav
c3lc020n /CDShare/REVERB_DATA/REVERB/REVERB_WSJCAM0_dt/data/cln_test/primary_microphone/si_dt/c3l/c3lc020n.wav
c3lc020q /CDShare/REVERB_DATA/REVERB/REVERB_WSJCAM0_dt/data/cln_test/primary_microphone/si_dt/c3l/c3lc020q.wav
c3lc020t /CDShare/REVERB_DATA/REVERB/REVERB_WSJCAM0_dt/data/cln_test/primary_microphone/si_dt/c3l/c3lc020t.wav
c3lc020x /CDShare/REVERB_DATA/REVERB/REVERB_WSJCAM0_dt/data/cln_test/primary_microphone/si_dt/c3l/c3lc020x.wav
c3lc0210 /CDShare/REVERB_DATA/REVERB/REVERB_WSJCAM0_dt/data/cln_test/primary_microphone/si_dt/c3l/c3lc0210.wav
c3pc0204 /CDShare/REVERB_DATA/REVERB/REVERB_WSJCAM0_dt/data/cln_test/primary_microphone/si_dt/c3p/c3pc0204.wav
c3pc0207 /CDShare/REVERB_DATA/REVERB/REVERB_WSJCAM0_dt/data/cln_test/primary_microphone/si_dt/c3p/c3pc0207.wav
c3pc020a /CDShare/REVERB_DATA/REVERB/REVERB_WSJCAM0_dt/data/cln_test/primary_microphone/si_dt/c3p/c3pc020a.wav
c3pc020d /CDShare/REVERB_DATA/REVERB/REVERB_WSJCAM0_dt/data/cln_test/primary_microphone/si_dt/c3p/c3pc020d.wav
c3pc020g /CDShare/REVERB_DATA/REVERB/REVERB_WSJCAM0_dt/data/cln_test/primary_microphone/si_dt/c3p/c3pc020g.wav
c3pc020j /CDShare/REVERB_DATA/REVERB/REVERB_WSJCAM0_dt/data/cln_test/primary_microphone/si_dt/c3p/c3pc020j.wav
c3pc020k /CDShare/REVERB_DATA/REVERB/REVERB_WSJCAM0_dt/data/cln_test/primary_microphone/si_dt/c3p/c3pc020k.wav
c3pc020n /CDShare/REVERB_DATA/REVERB/REVERB_WSJCAM0_dt/data/cln_test/primary_microphone/si_dt/c3p/c3pc020n.wav
c3pc020q /CDShare/REVERB_DATA/REVERB/REVERB_WSJCAM0_dt/data/cln_test/primary_microphone/si_dt/c3p/c3pc020q.wav
c3pc020t /CDShare/REVERB_DATA/REVERB/REVERB_WSJCAM0_dt/data/cln_test/primary_microphone/si_dt/c3p/c3pc020t.wav
c3pc020w /CDShare/REVERB_DATA/REVERB/REVERB_WSJCAM0_dt/data/cln_test/primary_microphone/si_dt/c3p/c3pc020w.wav
c3pc020z /CDShare/REVERB_DATA/REVERB/REVERB_WSJCAM0_dt/data/cln_test/primary_microphone/si_dt/c3p/c3pc020z.wav
c3pc0212 /CDShare/REVERB_DATA/REVERB/REVERB_WSJCAM0_dt/data/cln_test/primary_microphone/si_dt/c3p/c3pc0212.wav
c3sc0203 /CDShare/REVERB_DATA/REVERB/REVERB_WSJCAM0_dt/data/cln_test/primary_microphone/si_dt/c3s/c3sc0203.wav
c3sc0206 /CDShare/REVERB_DATA/REVERB/REVERB_WSJCAM0_dt/data/cln_test/primary_microphone/si_dt/c3s/c3sc0206.wav
c3sc0209 /CDShare/REVERB_DATA/REVERB/REVERB_WSJCAM0_dt/data/cln_test/primary_microphone/si_dt/c3s/c3sc0209.wav
c3sc020c /CDShare/REVERB_DATA/REVERB/REVERB_WSJCAM0_dt/data/cln_test/primary_microphone/si_dt/c3s/c3sc020c.wav
c3sc020f /CDShare/REVERB_DATA/REVERB/REVERB_WSJCAM0_dt/data/cln_test/primary_microphone/si_dt/c3s/c3sc020f.wav
c3sc020i /CDShare/REVERB_DATA/REVERB/REVERB_WSJCAM0_dt/data/cln_test/primary_microphone/si_dt/c3s/c3sc020i.wav
c3sc020m /CDShare/REVERB_DATA/REVERB/REVERB_WSJCAM0_dt/data/cln_test/primary_microphone/si_dt/c3s/c3sc020m.wav
c3sc020p /CDShare/REVERB_DATA/REVERB/REVERB_WSJCAM0_dt/data/cln_test/primary_microphone/si_dt/c3s/c3sc020p.wav
c3sc020s /CDShare/REVERB_DATA/REVERB/REVERB_WSJCAM0_dt/data/cln_test/primary_microphone/si_dt/c3s/c3sc020s.wav
c3sc020v /CDShare/REVERB_DATA/REVERB/REVERB_WSJCAM0_dt/data/cln_test/primary_microphone/si_dt/c3s/c3sc020v.wav
c3sc020y /CDShare/REVERB_DATA/REVERB/REVERB_WSJCAM0_dt/data/cln_test/primary_microphone/si_dt/c3s/c3sc020y.wav
c3sc0211 /CDShare/REVERB_DATA/REVERB/REVERB_WSJCAM0_dt/data/cln_test/primary_microphone/si_dt/c3s/c3sc0211.wav
c3tc0202 /CDShare/REVERB_DATA/REVERB/REVERB_WSJCAM0_dt/data/cln_test/primary_microphone/si_dt/c3t/c3tc0202.wav
c3tc0205 /CDShare/REVERB_DATA/REVERB/REVERB_WSJCAM0_dt/data/cln_test/primary_microphone/si_dt/c3t/c3tc0205.wav
c3tc0208 /CDShare/REVERB_DATA/REVERB/REVERB_WSJCAM0_dt/data/cln_test/primary_microphone/si_dt/c3t/c3tc0208.wav
c3tc020b /CDShare/REVERB_DATA/REVERB/REVERB_WSJCAM0_dt/data/cln_test/primary_microphone/si_dt/c3t/c3tc020b.wav
c3tc020e /CDShare/REVERB_DATA/REVERB/REVERB_WSJCAM0_dt/data/cln_test/primary_microphone/si_dt/c3t/c3tc020e.wav
c3tc020h /CDShare/REVERB_DATA/REVERB/REVERB_WSJCAM0_dt/data/cln_test/primary_microphone/si_dt/c3t/c3tc020h.wav
c3tc020m /CDShare/REVERB_DATA/REVERB/REVERB_WSJCAM0_dt/data/cln_test/primary_microphone/si_dt/c3t/c3tc020m.wav
c3tc020p /CDShare/REVERB_DATA/REVERB/REVERB_WSJCAM0_dt/data/cln_test/primary_microphone/si_dt/c3t/c3tc020p.wav
c3tc020s /CDShare/REVERB_DATA/REVERB/REVERB_WSJCAM0_dt/data/cln_test/primary_microphone/si_dt/c3t/c3tc020s.wav
c3tc020v /CDShare/REVERB_DATA/REVERB/REVERB_WSJCAM0_dt/data/cln_test/primary_microphone/si_dt/c3t/c3tc020v.wav
c3tc020y /CDShare/REVERB_DATA/REVERB/REVERB_WSJCAM0_dt/data/cln_test/primary_microphone/si_dt/c3t/c3tc020y.wav
c3tc0211 /CDShare/REVERB_DATA/REVERB/REVERB_WSJCAM0_dt/data/cln_test/primary_microphone/si_dt/c3t/c3tc0211.wav
c3wc0201 /CDShare/REVERB_DATA/REVERB/REVERB_WSJCAM0_dt/data/cln_test/primary_microphone/si_dt/c3w/c3wc0201.wav
c3wc0204 /CDShare/REVERB_DATA/REVERB/REVERB_WSJCAM0_dt/data/cln_test/primary_microphone/si_dt/c3w/c3wc0204.wav
c3wc0207 /CDShare/REVERB_DATA/REVERB/REVERB_WSJCAM0_dt/data/cln_test/primary_microphone/si_dt/c3w/c3wc0207.wav
c3wc020a /CDShare/REVERB_DATA/REVERB/REVERB_WSJCAM0_dt/data/cln_test/primary_microphone/si_dt/c3w/c3wc020a.wav
c3wc020d /CDShare/REVERB_DATA/REVERB/REVERB_WSJCAM0_dt/data/cln_test/primary_microphone/si_dt/c3w/c3wc020d.wav
c3wc020g /CDShare/REVERB_DATA/REVERB/REVERB_WSJCAM0_dt/data/cln_test/primary_microphone/si_dt/c3w/c3wc020g.wav
c3wc020i /CDShare/REVERB_DATA/REVERB/REVERB_WSJCAM0_dt/data/cln_test/primary_microphone/si_dt/c3w/c3wc020i.wav
c3wc020n /CDShare/REVERB_DATA/REVERB/REVERB_WSJCAM0_dt/data/cln_test/primary_microphone/si_dt/c3w/c3wc020n.wav
c3wc020q /CDShare/REVERB_DATA/REVERB/REVERB_WSJCAM0_dt/data/cln_test/primary_microphone/si_dt/c3w/c3wc020q.wav
c3wc020t /CDShare/REVERB_DATA/REVERB/REVERB_WSJCAM0_dt/data/cln_test/primary_microphone/si_dt/c3w/c3wc020t.wav
c3wc020w /CDShare/REVERB_DATA/REVERB/REVERB_WSJCAM0_dt/data/cln_test/primary_microphone/si_dt/c3w/c3wc020w.wav
c3wc020z /CDShare/REVERB_DATA/REVERB/REVERB_WSJCAM0_dt/data/cln_test/primary_microphone/si_dt/c3w/c3wc020z.wav
c3zc0202 /CDShare/REVERB_DATA/REVERB/REVERB_WSJCAM0_dt/data/cln_test/primary_microphone/si_dt/c3z/c3zc0202.wav
c3zc0205 /CDShare/REVERB_DATA/REVERB/REVERB_WSJCAM0_dt/data/cln_test/primary_microphone/si_dt/c3z/c3zc0205.wav
c3zc0209 /CDShare/REVERB_DATA/REVERB/REVERB_WSJCAM0_dt/data/cln_test/primary_microphone/si_dt/c3z/c3zc0209.wav
c3zc020c /CDShare/REVERB_DATA/REVERB/REVERB_WSJCAM0_dt/data/cln_test/primary_microphone/si_dt/c3z/c3zc020c.wav
c3zc020f /CDShare/REVERB_DATA/REVERB/REVERB_WSJCAM0_dt/data/cln_test/primary_microphone/si_dt/c3z/c3zc020f.wav
c3zc020i /CDShare/REVERB_DATA/REVERB/REVERB_WSJCAM0_dt/data/cln_test/primary_microphone/si_dt/c3z/c3zc020i.wav
c3zc020l /CDShare/REVERB_DATA/REVERB/REVERB_WSJCAM0_dt/data/cln_test/primary_microphone/si_dt/c3z/c3zc020l.wav
c3zc020o /CDShare/REVERB_DATA/REVERB/REVERB_WSJCAM0_dt/data/cln_test/primary_microphone/si_dt/c3z/c3zc020o.wav
c3zc020r /CDShare/REVERB_DATA/REVERB/REVERB_WSJCAM0_dt/data/cln_test/primary_microphone/si_dt/c3z/c3zc020r.wav
c3zc020u /CDShare/REVERB_DATA/REVERB/REVERB_WSJCAM0_dt/data/cln_test/primary_microphone/si_dt/c3z/c3zc020u.wav
c3zc020x /CDShare/REVERB_DATA/REVERB/REVERB_WSJCAM0_dt/data/cln_test/primary_microphone/si_dt/c3z/c3zc020x.wav
c3zc0210 /CDShare/REVERB_DATA/REVERB/REVERB_WSJCAM0_dt/data/cln_test/primary_microphone/si_dt/c3z/c3zc0210.wav
c3zc0213 /CDShare/REVERB_DATA/REVERB/REVERB_WSJCAM0_dt/data/cln_test/primary_microphone/si_dt/c3z/c3zc0213.wav
c40c0201 /CDShare/REVERB_DATA/REVERB/REVERB_WSJCAM0_dt/data/cln_test/primary_microphone/si_dt/c40/c40c0201.wav
c40c0204 /CDShare/REVERB_DATA/REVERB/REVERB_WSJCAM0_dt/data/cln_test/primary_microphone/si_dt/c40/c40c0204.wav
c40c0207 /CDShare/REVERB_DATA/REVERB/REVERB_WSJCAM0_dt/data/cln_test/primary_microphone/si_dt/c40/c40c0207.wav
c40c020a /CDShare/REVERB_DATA/REVERB/REVERB_WSJCAM0_dt/data/cln_test/primary_microphone/si_dt/c40/c40c020a.wav
c40c020d /CDShare/REVERB_DATA/REVERB/REVERB_WSJCAM0_dt/data/cln_test/primary_microphone/si_dt/c40/c40c020d.wav
c40c020g /CDShare/REVERB_DATA/REVERB/REVERB_WSJCAM0_dt/data/cln_test/primary_microphone/si_dt/c40/c40c020g.wav
c40c020j /CDShare/REVERB_DATA/REVERB/REVERB_WSJCAM0_dt/data/cln_test/primary_microphone/si_dt/c40/c40c020j.wav
c40c020m /CDShare/REVERB_DATA/REVERB/REVERB_WSJCAM0_dt/data/cln_test/primary_microphone/si_dt/c40/c40c020m.wav
c40c020p /CDShare/REVERB_DATA/REVERB/REVERB_WSJCAM0_dt/data/cln_test/primary_microphone/si_dt/c40/c40c020p.wav
c40c020s /CDShare/REVERB_DATA/REVERB/REVERB_WSJCAM0_dt/data/cln_test/primary_microphone/si_dt/c40/c40c020s.wav
c40c020v /CDShare/REVERB_DATA/REVERB/REVERB_WSJCAM0_dt/data/cln_test/primary_microphone/si_dt/c40/c40c020v.wav
c40c020y /CDShare/REVERB_DATA/REVERB/REVERB_WSJCAM0_dt/data/cln_test/primary_microphone/si_dt/c40/c40c020y.wav
c40c0211 /CDShare/REVERB_DATA/REVERB/REVERB_WSJCAM0_dt/data/cln_test/primary_microphone/si_dt/c40/c40c0211.wav
c41c0203 /CDShare/REVERB_DATA/REVERB/REVERB_WSJCAM0_dt/data/cln_test/primary_microphone/si_dt/c41/c41c0203.wav
c41c0206 /CDShare/REVERB_DATA/REVERB/REVERB_WSJCAM0_dt/data/cln_test/primary_microphone/si_dt/c41/c41c0206.wav
c41c0209 /CDShare/REVERB_DATA/REVERB/REVERB_WSJCAM0_dt/data/cln_test/primary_microphone/si_dt/c41/c41c0209.wav
c41c020c /CDShare/REVERB_DATA/REVERB/REVERB_WSJCAM0_dt/data/cln_test/primary_microphone/si_dt/c41/c41c020c.wav
c41c020f /CDShare/REVERB_DATA/REVERB/REVERB_WSJCAM0_dt/data/cln_test/primary_microphone/si_dt/c41/c41c020f.wav
c41c020i /CDShare/REVERB_DATA/REVERB/REVERB_WSJCAM0_dt/data/cln_test/primary_microphone/si_dt/c41/c41c020i.wav
c41c020k /CDShare/REVERB_DATA/REVERB/REVERB_WSJCAM0_dt/data/cln_test/primary_microphone/si_dt/c41/c41c020k.wav
c41c020n /CDShare/REVERB_DATA/REVERB/REVERB_WSJCAM0_dt/data/cln_test/primary_microphone/si_dt/c41/c41c020n.wav
c41c020q /CDShare/REVERB_DATA/REVERB/REVERB_WSJCAM0_dt/data/cln_test/primary_microphone/si_dt/c41/c41c020q.wav
c41c020t /CDShare/REVERB_DATA/REVERB/REVERB_WSJCAM0_dt/data/cln_test/primary_microphone/si_dt/c41/c41c020t.wav
c41c020w /CDShare/REVERB_DATA/REVERB/REVERB_WSJCAM0_dt/data/cln_test/primary_microphone/si_dt/c41/c41c020w.wav
c41c020z /CDShare/REVERB_DATA/REVERB/REVERB_WSJCAM0_dt/data/cln_test/primary_microphone/si_dt/c41/c41c020z.wav
c41c0212 /CDShare/REVERB_DATA/REVERB/REVERB_WSJCAM0_dt/data/cln_test/primary_microphone/si_dt/c41/c41c0212.wav
c42c0202 /CDShare/REVERB_DATA/REVERB/REVERB_WSJCAM0_dt/data/cln_test/primary_microphone/si_dt/c42/c42c0202.wav
c42c0205 /CDShare/REVERB_DATA/REVERB/REVERB_WSJCAM0_dt/data/cln_test/primary_microphone/si_dt/c42/c42c0205.wav
c42c0208 /CDShare/REVERB_DATA/REVERB/REVERB_WSJCAM0_dt/data/cln_test/primary_microphone/si_dt/c42/c42c0208.wav
c42c020b /CDShare/REVERB_DATA/REVERB/REVERB_WSJCAM0_dt/data/cln_test/primary_microphone/si_dt/c42/c42c020b.wav
c42c020e /CDShare/REVERB_DATA/REVERB/REVERB_WSJCAM0_dt/data/cln_test/primary_microphone/si_dt/c42/c42c020e.wav
c42c020h /CDShare/REVERB_DATA/REVERB/REVERB_WSJCAM0_dt/data/cln_test/primary_microphone/si_dt/c42/c42c020h.wav
c42c020l /CDShare/REVERB_DATA/REVERB/REVERB_WSJCAM0_dt/data/cln_test/primary_microphone/si_dt/c42/c42c020l.wav
c42c020o /CDShare/REVERB_DATA/REVERB/REVERB_WSJCAM0_dt/data/cln_test/primary_microphone/si_dt/c42/c42c020o.wav
c42c020r /CDShare/REVERB_DATA/REVERB/REVERB_WSJCAM0_dt/data/cln_test/primary_microphone/si_dt/c42/c42c020r.wav
c42c020u /CDShare/REVERB_DATA/REVERB/REVERB_WSJCAM0_dt/data/cln_test/primary_microphone/si_dt/c42/c42c020u.wav
c42c020x /CDShare/REVERB_DATA/REVERB/REVERB_WSJCAM0_dt/data/cln_test/primary_microphone/si_dt/c42/c42c020x.wav
c42c0211 /CDShare/REVERB_DATA/REVERB/REVERB_WSJCAM0_dt/data/cln_test/primary_microphone/si_dt/c42/c42c0211.wav
c45c0201 /CDShare/REVERB_DATA/REVERB/REVERB_WSJCAM0_dt/data/cln_test/primary_microphone/si_dt/c45/c45c0201.wav
c45c0204 /CDShare/REVERB_DATA/REVERB/REVERB_WSJCAM0_dt/data/cln_test/primary_microphone/si_dt/c45/c45c0204.wav
c45c0207 /CDShare/REVERB_DATA/REVERB/REVERB_WSJCAM0_dt/data/cln_test/primary_microphone/si_dt/c45/c45c0207.wav
c45c020a /CDShare/REVERB_DATA/REVERB/REVERB_WSJCAM0_dt/data/cln_test/primary_microphone/si_dt/c45/c45c020a.wav
c45c020d /CDShare/REVERB_DATA/REVERB/REVERB_WSJCAM0_dt/data/cln_test/primary_microphone/si_dt/c45/c45c020d.wav
c45c020g /CDShare/REVERB_DATA/REVERB/REVERB_WSJCAM0_dt/data/cln_test/primary_microphone/si_dt/c45/c45c020g.wav
c45c020j /CDShare/REVERB_DATA/REVERB/REVERB_WSJCAM0_dt/data/cln_test/primary_microphone/si_dt/c45/c45c020j.wav
c45c020k /CDShare/REVERB_DATA/REVERB/REVERB_WSJCAM0_dt/data/cln_test/primary_microphone/si_dt/c45/c45c020k.wav
c45c020n /CDShare/REVERB_DATA/REVERB/REVERB_WSJCAM0_dt/data/cln_test/primary_microphone/si_dt/c45/c45c020n.wav
c45c020q /CDShare/REVERB_DATA/REVERB/REVERB_WSJCAM0_dt/data/cln_test/primary_microphone/si_dt/c45/c45c020q.wav
c45c020t /CDShare/REVERB_DATA/REVERB/REVERB_WSJCAM0_dt/data/cln_test/primary_microphone/si_dt/c45/c45c020t.wav
c45c020w /CDShare/REVERB_DATA/REVERB/REVERB_WSJCAM0_dt/data/cln_test/primary_microphone/si_dt/c45/c45c020w.wav
c45c020z /CDShare/REVERB_DATA/REVERB/REVERB_WSJCAM0_dt/data/cln_test/primary_microphone/si_dt/c45/c45c020z.wav
c45c0212 /CDShare/REVERB_DATA/REVERB/REVERB_WSJCAM0_dt/data/cln_test/primary_microphone/si_dt/c45/c45c0212.wav
c49c0204 /CDShare/REVERB_DATA/REVERB/REVERB_WSJCAM0_dt/data/cln_test/primary_microphone/si_dt/c49/c49c0204.wav
c49c0207 /CDShare/REVERB_DATA/REVERB/REVERB_WSJCAM0_dt/data/cln_test/primary_microphone/si_dt/c49/c49c0207.wav
c49c020a /CDShare/REVERB_DATA/REVERB/REVERB_WSJCAM0_dt/data/cln_test/primary_microphone/si_dt/c49/c49c020a.wav
c49c020d /CDShare/REVERB_DATA/REVERB/REVERB_WSJCAM0_dt/data/cln_test/primary_microphone/si_dt/c49/c49c020d.wav
c49c020g /CDShare/REVERB_DATA/REVERB/REVERB_WSJCAM0_dt/data/cln_test/primary_microphone/si_dt/c49/c49c020g.wav
c49c020k /CDShare/REVERB_DATA/REVERB/REVERB_WSJCAM0_dt/data/cln_test/primary_microphone/si_dt/c49/c49c020k.wav
c49c020n /CDShare/REVERB_DATA/REVERB/REVERB_WSJCAM0_dt/data/cln_test/primary_microphone/si_dt/c49/c49c020n.wav
c49c020q /CDShare/REVERB_DATA/REVERB/REVERB_WSJCAM0_dt/data/cln_test/primary_microphone/si_dt/c49/c49c020q.wav
c49c020t /CDShare/REVERB_DATA/REVERB/REVERB_WSJCAM0_dt/data/cln_test/primary_microphone/si_dt/c49/c49c020t.wav
c49c020x /CDShare/REVERB_DATA/REVERB/REVERB_WSJCAM0_dt/data/cln_test/primary_microphone/si_dt/c49/c49c020x.wav
c49c0210 /CDShare/REVERB_DATA/REVERB/REVERB_WSJCAM0_dt/data/cln_test/primary_microphone/si_dt/c49/c49c0210.wav
